::1 - - [23/Apr/2021:16:56:37 +0000] "GET /api/chapters HTTP/1.1" 200 1244 "-" "PostmanRuntime/7.26.10"
::ffff:192.168.43.119 - - [23/Apr/2021:16:56:49 +0000] "POST //api/chapters HTTP/1.1" 404 153 "-" "okhttp/3.12.1"
::1 - - [23/Apr/2021:16:57:51 +0000] "POST /api/chapters HTTP/1.1" 500 80 "-" "PostmanRuntime/7.26.10"
::ffff:192.168.43.119 - - [23/Apr/2021:16:58:28 +0000] "POST /api/chapters HTTP/1.1" 401 184 "-" "okhttp/3.12.1"
::ffff:192.168.43.119 - - [23/Apr/2021:16:58:45 +0000] "POST /api/chapters HTTP/1.1" 401 184 "-" "okhttp/3.12.1"
::ffff:192.168.43.119 - - [23/Apr/2021:16:59:38 +0000] "GET /api/chapters HTTP/1.1" 200 1244 "-" "okhttp/3.12.1"
::ffff:192.168.43.119 - - [23/Apr/2021:16:59:39 +0000] "GET /api/chapters HTTP/1.1" 304 - "-" "okhttp/3.12.1"
::ffff:192.168.43.119 - - [23/Apr/2021:17:00:08 +0000] "POST /api/users/login HTTP/1.1" 200 437 "-" "okhttp/3.12.1"
::ffff:192.168.43.119 - - [23/Apr/2021:17:01:11 +0000] "POST /api/chapters HTTP/1.1" 401 184 "-" "okhttp/3.12.1"
::ffff:192.168.43.119 - - [23/Apr/2021:17:12:25 +0000] "POST /api/chapters HTTP/1.1" 401 184 "-" "okhttp/3.12.1"
::ffff:192.168.43.119 - - [23/Apr/2021:17:20:10 +0000] "GET /api/chapters HTTP/1.1" 200 1244 "-" "okhttp/3.12.1"
::ffff:192.168.43.119 - - [23/Apr/2021:17:21:19 +0000] "GET /api/chapters HTTP/1.1" 304 - "-" "okhttp/3.12.1"
::ffff:192.168.43.119 - - [23/Apr/2021:17:21:31 +0000] "GET /api/chapters HTTP/1.1" 304 - "-" "okhttp/3.12.1"
::ffff:192.168.43.119 - - [23/Apr/2021:17:22:14 +0000] "GET /api/chapters HTTP/1.1" 304 - "-" "okhttp/3.12.1"
::ffff:192.168.43.119 - - [23/Apr/2021:17:33:44 +0000] "GET /api/chapters HTTP/1.1" 304 - "-" "okhttp/3.12.1"
::ffff:192.168.43.119 - - [23/Apr/2021:17:36:24 +0000] "GET /api/chapters HTTP/1.1" 304 - "-" "okhttp/3.12.1"
::ffff:192.168.43.119 - - [23/Apr/2021:17:36:49 +0000] "GET //uploads/chapters/photo_6076f93c3159173440e2f3f6.jpg HTTP/1.1" 404 191 "-" "Dalvik/2.1.0 (Linux; U; Android 11; sdk_gphone_x86 Build/RSR1.200819.001.A1)"
::ffff:192.168.43.119 - - [23/Apr/2021:17:36:49 +0000] "GET //uploads/chapters/photo_6076f6f70b3f53502c7bb2c6.png HTTP/1.1" 404 191 "-" "Dalvik/2.1.0 (Linux; U; Android 11; sdk_gphone_x86 Build/RSR1.200819.001.A1)"
::ffff:192.168.43.119 - - [23/Apr/2021:17:36:51 +0000] "GET /uploads/chapters/photo_6076f6f70b3f53502c7bb2c6.png HTTP/1.1" 200 459034 "-" "Dalvik/2.1.0 (Linux; U; Android 11; sdk_gphone_x86 Build/RSR1.200819.001.A1)"
::ffff:192.168.43.119 - - [23/Apr/2021:17:36:51 +0000] "GET /uploads/chapters/photo_6076f93c3159173440e2f3f6.jpg HTTP/1.1" 200 165439 "-" "Dalvik/2.1.0 (Linux; U; Android 11; sdk_gphone_x86 Build/RSR1.200819.001.A1)"
::ffff:192.168.43.119 - - [23/Apr/2021:17:36:55 +0000] "GET //uploads/chapters/photo_6076f93c3159173440e2f3f6.jpg HTTP/1.1" 404 191 "-" "Dalvik/2.1.0 (Linux; U; Android 11; sdk_gphone_x86 Build/RSR1.200819.001.A1)"
::ffff:192.168.43.119 - - [23/Apr/2021:17:36:55 +0000] "GET //uploads/chapters/photo_6076f6f70b3f53502c7bb2c6.png HTTP/1.1" 404 191 "-" "Dalvik/2.1.0 (Linux; U; Android 11; sdk_gphone_x86 Build/RSR1.200819.001.A1)"
::ffff:192.168.43.119 - - [23/Apr/2021:17:40:05 +0000] "GET //uploads/chapters/photo_6076f93c3159173440e2f3f6.jpg HTTP/1.1" 404 191 "-" "Dalvik/2.1.0 (Linux; U; Android 11; sdk_gphone_x86 Build/RSR1.200819.001.A1)"
::ffff:192.168.43.119 - - [23/Apr/2021:17:40:05 +0000] "GET //uploads/chapters/photo_6076f6f70b3f53502c7bb2c6.png HTTP/1.1" 404 191 "-" "Dalvik/2.1.0 (Linux; U; Android 11; sdk_gphone_x86 Build/RSR1.200819.001.A1)"
::ffff:192.168.43.119 - - [23/Apr/2021:17:40:56 +0000] "GET //uploads/chapters/photo_6076f93c3159173440e2f3f6.jpg HTTP/1.1" 404 191 "-" "Dalvik/2.1.0 (Linux; U; Android 11; sdk_gphone_x86 Build/RSR1.200819.001.A1)"
::ffff:192.168.43.119 - - [23/Apr/2021:17:40:56 +0000] "GET //uploads/chapters/photo_6076f6f70b3f53502c7bb2c6.png HTTP/1.1" 404 191 "-" "Dalvik/2.1.0 (Linux; U; Android 11; sdk_gphone_x86 Build/RSR1.200819.001.A1)"
::ffff:192.168.43.119 - - [23/Apr/2021:17:42:30 +0000] "GET //uploads/chapters/photo_6081cd3cc75fd22624345f13.jpg HTTP/1.1" 404 191 "-" "Dalvik/2.1.0 (Linux; U; Android 11; sdk_gphone_x86 Build/RSR1.200819.001.A1)"
::ffff:192.168.43.119 - - [23/Apr/2021:17:42:30 +0000] "GET //uploads/chapters/photo_6081cd48c75fd22624345f14.jpg HTTP/1.1" 404 191 "-" "Dalvik/2.1.0 (Linux; U; Android 11; sdk_gphone_x86 Build/RSR1.200819.001.A1)"
::ffff:192.168.43.119 - - [23/Apr/2021:17:44:03 +0000] "GET //uploads/chapters/photo_6076f93c3159173440e2f3f6.jpg HTTP/1.1" 404 191 "-" "Dalvik/2.1.0 (Linux; U; Android 11; sdk_gphone_x86 Build/RSR1.200819.001.A1)"
::ffff:192.168.43.119 - - [23/Apr/2021:17:44:03 +0000] "GET //uploads/chapters/photo_6076f6f70b3f53502c7bb2c6.png HTTP/1.1" 404 191 "-" "Dalvik/2.1.0 (Linux; U; Android 11; sdk_gphone_x86 Build/RSR1.200819.001.A1)"
::ffff:192.168.43.119 - - [23/Apr/2021:17:45:04 +0000] "GET /api/chapters HTTP/1.1" 304 - "-" "okhttp/3.12.1"
::ffff:192.168.43.119 - - [23/Apr/2021:17:53:29 +0000] "GET /api/chapters HTTP/1.1" 304 - "-" "okhttp/3.12.1"
::ffff:192.168.43.119 - - [23/Apr/2021:17:53:33 +0000] "GET /uploads/chapters/photo_6081cd3cc75fd22624345f13.jpg HTTP/1.1" 200 235459 "-" "Dalvik/2.1.0 (Linux; U; Android 11; sdk_gphone_x86 Build/RSR1.200819.001.A1)"
::ffff:192.168.43.119 - - [23/Apr/2021:17:54:21 +0000] "GET /uploads/chapters//photo_6076f93c3159173440e2f3f6.jpg HTTP/1.1" 200 165439 "-" "Dalvik/2.1.0 (Linux; U; Android 11; sdk_gphone_x86 Build/RSR1.200819.001.A1)"
::ffff:192.168.43.119 - - [23/Apr/2021:17:54:21 +0000] "GET /uploads/chapters//photo_6076f6f70b3f53502c7bb2c6.png HTTP/1.1" 200 459034 "-" "Dalvik/2.1.0 (Linux; U; Android 11; sdk_gphone_x86 Build/RSR1.200819.001.A1)"
::ffff:192.168.43.119 - - [23/Apr/2021:17:54:27 +0000] "GET /uploads/chapters//photo_6081cd3cc75fd22624345f13.jpg HTTP/1.1" 200 235459 "-" "Dalvik/2.1.0 (Linux; U; Android 11; sdk_gphone_x86 Build/RSR1.200819.001.A1)"
::ffff:192.168.43.119 - - [23/Apr/2021:17:56:09 +0000] "GET /uploads/chapters/photo_6081cd48c75fd22624345f14.jpg HTTP/1.1" 200 39327 "-" "Dalvik/2.1.0 (Linux; U; Android 11; sdk_gphone_x86 Build/RSR1.200819.001.A1)"
::ffff:192.168.43.119 - - [23/Apr/2021:18:07:05 +0000] "GET /api/chapters HTTP/1.1" 304 - "-" "okhttp/3.12.1"
::ffff:192.168.43.119 - - [23/Apr/2021:18:09:52 +0000] "GET /api/chapters HTTP/1.1" 304 - "-" "okhttp/3.12.1"
::ffff:192.168.43.119 - - [23/Apr/2021:18:09:53 +0000] "GET /api/chapters HTTP/1.1" 304 - "-" "okhttp/3.12.1"
::ffff:192.168.43.119 - - [23/Apr/2021:18:10:03 +0000] "GET /api/chapters HTTP/1.1" 304 - "-" "okhttp/3.12.1"
::ffff:192.168.43.119 - - [23/Apr/2021:18:10:20 +0000] "GET /api/chapters HTTP/1.1" 304 - "-" "okhttp/3.12.1"
::ffff:192.168.43.119 - - [23/Apr/2021:18:10:53 +0000] "GET /api/chapters HTTP/1.1" 304 - "-" "okhttp/3.12.1"
::ffff:192.168.43.119 - - [23/Apr/2021:18:11:02 +0000] "GET /api/chapters HTTP/1.1" 304 - "-" "okhttp/3.12.1"
::ffff:192.168.43.119 - - [23/Apr/2021:18:12:04 +0000] "GET /api/chapters HTTP/1.1" 304 - "-" "okhttp/3.12.1"
::ffff:192.168.43.119 - - [23/Apr/2021:18:13:10 +0000] "GET /api/chapters HTTP/1.1" 304 - "-" "okhttp/3.12.1"
::ffff:192.168.43.119 - - [23/Apr/2021:18:13:42 +0000] "GET /api/chapters HTTP/1.1" 304 - "-" "okhttp/3.12.1"
::ffff:192.168.43.119 - - [23/Apr/2021:18:16:50 +0000] "GET /api/chapters HTTP/1.1" 304 - "-" "okhttp/3.12.1"
::ffff:192.168.43.119 - - [23/Apr/2021:18:17:02 +0000] "GET /api/chapters HTTP/1.1" 304 - "-" "okhttp/3.12.1"
::ffff:192.168.43.119 - - [23/Apr/2021:18:18:14 +0000] "GET /api/chapters HTTP/1.1" 304 - "-" "okhttp/3.12.1"
::ffff:192.168.43.119 - - [23/Apr/2021:18:34:13 +0000] "GET /api/chapters HTTP/1.1" 304 - "-" "okhttp/3.12.1"
::ffff:192.168.43.119 - - [23/Apr/2021:18:34:52 +0000] "GET /api/chapters HTTP/1.1" 304 - "-" "okhttp/3.12.1"
::ffff:192.168.43.119 - - [23/Apr/2021:18:37:29 +0000] "GET /api/chapters HTTP/1.1" 304 - "-" "okhttp/3.12.1"
::ffff:192.168.43.119 - - [23/Apr/2021:18:39:39 +0000] "GET /api/chapters HTTP/1.1" 304 - "-" "okhttp/3.12.1"
::ffff:192.168.43.119 - - [23/Apr/2021:18:40:20 +0000] "GET /api/chapters HTTP/1.1" 304 - "-" "okhttp/3.12.1"
::ffff:192.168.43.119 - - [23/Apr/2021:18:41:19 +0000] "GET /api/chapters HTTP/1.1" 304 - "-" "okhttp/3.12.1"
::ffff:192.168.43.119 - - [23/Apr/2021:18:41:31 +0000] "GET /api/chapters HTTP/1.1" 304 - "-" "okhttp/3.12.1"
::1 - - [23/Apr/2021:18:44:20 +0000] "GET /api/chapters HTTP/1.1" 200 1244 "-" "PostmanRuntime/7.26.10"
::ffff:192.168.43.119 - - [23/Apr/2021:18:46:08 +0000] "GET /api/chapters HTTP/1.1" 304 - "-" "okhttp/3.12.1"
::ffff:192.168.43.119 - - [23/Apr/2021:18:46:21 +0000] "POST /api/chapters HTTP/1.1" 200 194 "-" "okhttp/3.12.1"
::1 - - [23/Apr/2021:18:46:40 +0000] "GET /api/chapters HTTP/1.1" 200 1415 "-" "PostmanRuntime/7.26.10"
::ffff:192.168.43.119 - - [23/Apr/2021:18:52:57 +0000] "GET /api/chapters HTTP/1.1" 200 1415 "-" "okhttp/3.12.1"
::ffff:192.168.43.119 - - [23/Apr/2021:18:53:06 +0000] "GET /api/chapters HTTP/1.1" 304 - "-" "okhttp/3.12.1"
::ffff:192.168.43.119 - - [23/Apr/2021:18:53:15 +0000] "GET /api/chapters HTTP/1.1" 304 - "-" "okhttp/3.12.1"
::ffff:192.168.43.119 - - [23/Apr/2021:18:54:10 +0000] "GET /api/chapters HTTP/1.1" 304 - "-" "okhttp/3.12.1"
::ffff:192.168.43.119 - - [23/Apr/2021:18:54:27 +0000] "GET /api/chapters HTTP/1.1" 304 - "-" "okhttp/3.12.1"
::ffff:192.168.43.119 - - [23/Apr/2021:18:56:25 +0000] "GET /api/chapters HTTP/1.1" 304 - "-" "okhttp/3.12.1"
::ffff:192.168.43.119 - - [23/Apr/2021:18:57:07 +0000] "GET /api/chapters HTTP/1.1" 304 - "-" "okhttp/3.12.1"
::ffff:192.168.43.119 - - [23/Apr/2021:18:57:33 +0000] "GET /api/chapters HTTP/1.1" 304 - "-" "okhttp/3.12.1"
::ffff:192.168.43.119 - - [23/Apr/2021:18:58:38 +0000] "GET /api/chapters HTTP/1.1" 304 - "-" "okhttp/3.12.1"
::ffff:192.168.43.119 - - [23/Apr/2021:18:58:52 +0000] "GET /api/chapters HTTP/1.1" 304 - "-" "okhttp/3.12.1"
::ffff:192.168.43.119 - - [23/Apr/2021:18:59:42 +0000] "GET /api/chapters HTTP/1.1" 304 - "-" "okhttp/3.12.1"
::ffff:192.168.43.119 - - [23/Apr/2021:18:59:58 +0000] "GET /uploads/chapters/photo.jpg HTTP/1.1" 404 165 "-" "Dalvik/2.1.0 (Linux; U; Android 11; sdk_gphone_x86 Build/RSR1.200819.001.A1)"
::ffff:192.168.43.1 - - [23/Apr/2021:19:03:38 +0000] "GET /api/chapters HTTP/1.1" 200 1415 "-" "okhttp/3.14.9"
::ffff:192.168.43.1 - - [23/Apr/2021:19:03:38 +0000] "GET /uploads/chapters/photo_6076f93c3159173440e2f3f6.jpg HTTP/1.1" 200 165439 "-" "okhttp/3.14.9"
::ffff:192.168.43.1 - - [23/Apr/2021:19:03:38 +0000] "GET /uploads/chapters/photo_6076f6f70b3f53502c7bb2c6.png HTTP/1.1" 200 459034 "-" "okhttp/3.14.9"
::ffff:192.168.43.1 - - [23/Apr/2021:19:03:46 +0000] "GET /uploads/chapters/photo_6081cd3cc75fd22624345f13.jpg HTTP/1.1" 200 235459 "-" "okhttp/3.14.9"
::ffff:192.168.43.1 - - [23/Apr/2021:19:03:47 +0000] "GET /uploads/chapters/photo_6081cd48c75fd22624345f14.jpg HTTP/1.1" 200 39327 "-" "okhttp/3.14.9"
::ffff:192.168.43.1 - - [23/Apr/2021:19:03:47 +0000] "GET /uploads/chapters/photo.jpg HTTP/1.1" 404 165 "-" "okhttp/3.14.9"
::ffff:192.168.43.1 - - [23/Apr/2021:19:04:18 +0000] "POST /api/users/login HTTP/1.1" 200 437 "-" "okhttp/3.14.9"
::ffff:192.168.43.1 - - [23/Apr/2021:19:04:19 +0000] "GET /uploads/chapters/photo.jpg HTTP/1.1" 404 165 "-" "okhttp/3.14.9"
::ffff:192.168.43.1 - - [23/Apr/2021:19:04:32 +0000] "GET /uploads/chapters/undefined HTTP/1.1" 404 165 "-" "okhttp/3.14.9"
::ffff:192.168.43.1 - - [23/Apr/2021:19:05:15 +0000] "GET /api/chapters HTTP/1.1" - - "-" "okhttp/3.14.9"
::ffff:192.168.43.1 - - [23/Apr/2021:19:05:17 +0000] "GET /api/chapters HTTP/1.1" 304 - "-" "okhttp/3.14.9"
::ffff:192.168.43.119 - - [23/Apr/2021:19:05:21 +0000] "GET /api/chapters HTTP/1.1" 304 - "-" "okhttp/3.12.1"
::ffff:192.168.43.1 - - [23/Apr/2021:19:05:33 +0000] "GET /api/chapters HTTP/1.1" 304 - "-" "okhttp/3.14.9"
::ffff:192.168.43.1 - - [23/Apr/2021:19:05:47 +0000] "GET /api/chapters HTTP/1.1" 304 - "-" "okhttp/3.14.9"
::ffff:192.168.43.1 - - [23/Apr/2021:19:06:13 +0000] "GET /api/chapters HTTP/1.1" 304 - "-" "okhttp/3.14.9"
::ffff:192.168.43.1 - - [23/Apr/2021:19:08:00 +0000] "GET /api/chapters HTTP/1.1" 304 - "-" "okhttp/3.14.9"
::ffff:192.168.43.1 - - [23/Apr/2021:19:08:02 +0000] "GET /api/chapters HTTP/1.1" 304 - "-" "okhttp/3.14.9"
::ffff:192.168.43.119 - - [23/Apr/2021:19:09:26 +0000] "GET /api/chapters HTTP/1.1" 304 - "-" "okhttp/3.12.1"
::ffff:192.168.43.119 - - [23/Apr/2021:19:20:29 +0000] "GET /api/chapters HTTP/1.1" 304 - "-" "okhttp/3.12.1"
::ffff:192.168.43.1 - - [23/Apr/2021:19:20:47 +0000] "GET /api/chapters HTTP/1.1" 304 - "-" "okhttp/3.14.9"
::ffff:192.168.43.1 - - [23/Apr/2021:19:20:54 +0000] "GET /uploads/chapters/photo.jpg HTTP/1.1" 404 165 "-" "okhttp/3.14.9"
::ffff:192.168.43.1 - - [23/Apr/2021:19:21:01 +0000] "GET /api/chapters HTTP/1.1" 304 - "-" "okhttp/3.14.9"
::ffff:192.168.43.1 - - [23/Apr/2021:19:21:01 +0000] "GET /api/chapters HTTP/1.1" 304 - "-" "okhttp/3.14.9"
::ffff:192.168.43.1 - - [23/Apr/2021:19:21:01 +0000] "GET /api/chapters HTTP/1.1" 304 - "-" "okhttp/3.14.9"
::ffff:192.168.43.119 - - [23/Apr/2021:19:21:02 +0000] "GET /api/chapters HTTP/1.1" 304 - "-" "okhttp/3.12.1"
::ffff:192.168.43.119 - - [23/Apr/2021:19:34:38 +0000] "GET /api/chapters HTTP/1.1" 304 - "-" "okhttp/3.12.1"
::ffff:192.168.43.1 - - [23/Apr/2021:19:35:38 +0000] "GET /api/chapters HTTP/1.1" 304 - "-" "okhttp/3.14.9"
::ffff:192.168.43.1 - - [23/Apr/2021:19:35:42 +0000] "GET /uploads/chapters/photo.jpg HTTP/1.1" 404 165 "-" "Dalvik/2.1.0 (Linux; U; Android 9; Redmi Note 7 Pro MIUI/V11.0.10.0.PFHINXM)"
::ffff:192.168.43.1 - - [23/Apr/2021:19:35:43 +0000] "DELETE /chapters/608315fddb11c93c687b36f0 HTTP/1.1" 404 175 "-" "okhttp/3.14.9"
::ffff:192.168.43.1 - - [23/Apr/2021:19:35:48 +0000] "DELETE /chapters/608315fddb11c93c687b36f0 HTTP/1.1" 404 175 "-" "okhttp/3.14.9"
::ffff:192.168.43.1 - - [23/Apr/2021:19:36:13 +0000] "GET /api/chapters HTTP/1.1" 304 - "-" "okhttp/3.14.9"
::ffff:192.168.43.1 - - [23/Apr/2021:19:36:14 +0000] "GET /uploads/chapters/photo.jpg HTTP/1.1" 404 165 "-" "Dalvik/2.1.0 (Linux; U; Android 9; Redmi Note 7 Pro MIUI/V11.0.10.0.PFHINXM)"
::ffff:192.168.43.1 - - [23/Apr/2021:19:36:15 +0000] "DELETE /chapters/608315fddb11c93c687b36f0 HTTP/1.1" 404 175 "-" "okhttp/3.14.9"
::ffff:192.168.43.1 - - [23/Apr/2021:19:36:19 +0000] "DELETE /chapters/608315fddb11c93c687b36f0 HTTP/1.1" 404 175 "-" "okhttp/3.14.9"
::ffff:192.168.43.1 - - [23/Apr/2021:19:36:40 +0000] "GET /uploads/chapters/photo.jpg HTTP/1.1" 404 165 "-" "Dalvik/2.1.0 (Linux; U; Android 9; Redmi Note 7 Pro MIUI/V11.0.10.0.PFHINXM)"
::ffff:192.168.43.1 - - [23/Apr/2021:19:36:50 +0000] "GET /uploads/chapters/photo.jpg HTTP/1.1" 404 165 "-" "Dalvik/2.1.0 (Linux; U; Android 9; Redmi Note 7 Pro MIUI/V11.0.10.0.PFHINXM)"
::ffff:192.168.43.1 - - [23/Apr/2021:19:37:27 +0000] "DELETE /chapters/608315fddb11c93c687b36f0 HTTP/1.1" 404 175 "-" "okhttp/3.14.9"
::ffff:192.168.43.1 - - [23/Apr/2021:19:37:32 +0000] "GET /api/chapters HTTP/1.1" 304 - "-" "okhttp/3.14.9"
::ffff:192.168.43.119 - - [23/Apr/2021:19:37:34 +0000] "GET /api/chapters HTTP/1.1" 304 - "-" "okhttp/3.12.1"
::ffff:192.168.43.1 - - [23/Apr/2021:19:37:35 +0000] "GET /uploads/chapters/photo.jpg HTTP/1.1" 404 165 "-" "Dalvik/2.1.0 (Linux; U; Android 9; Redmi Note 7 Pro MIUI/V11.0.10.0.PFHINXM)"
::ffff:192.168.43.1 - - [23/Apr/2021:19:37:36 +0000] "DELETE /chapters/608315fddb11c93c687b36f0 HTTP/1.1" 404 175 "-" "okhttp/3.14.9"
::ffff:192.168.43.1 - - [23/Apr/2021:19:41:03 +0000] "GET /uploads/chapters/photo.jpg HTTP/1.1" 404 165 "-" "Dalvik/2.1.0 (Linux; U; Android 9; Redmi Note 7 Pro MIUI/V11.0.10.0.PFHINXM)"
::ffff:192.168.43.1 - - [23/Apr/2021:19:41:22 +0000] "GET /uploads/chapters/photo.jpg HTTP/1.1" 404 165 "-" "Dalvik/2.1.0 (Linux; U; Android 9; Redmi Note 7 Pro MIUI/V11.0.10.0.PFHINXM)"
::ffff:192.168.43.1 - - [23/Apr/2021:19:43:19 +0000] "GET /uploads/chapters/photo.jpg HTTP/1.1" 404 165 "-" "Dalvik/2.1.0 (Linux; U; Android 9; Redmi Note 7 Pro MIUI/V11.0.10.0.PFHINXM)"
::ffff:192.168.43.119 - - [23/Apr/2021:19:43:37 +0000] "GET /api/chapters HTTP/1.1" 304 - "-" "okhttp/3.12.1"
::ffff:192.168.43.1 - - [23/Apr/2021:19:43:44 +0000] "GET /api/chapters HTTP/1.1" 304 - "-" "okhttp/3.14.9"
::ffff:192.168.43.1 - - [23/Apr/2021:19:43:46 +0000] "GET /uploads/chapters/photo.jpg HTTP/1.1" 404 165 "-" "Dalvik/2.1.0 (Linux; U; Android 9; Redmi Note 7 Pro MIUI/V11.0.10.0.PFHINXM)"
::ffff:192.168.43.1 - - [23/Apr/2021:19:45:18 +0000] "GET /api/chapters HTTP/1.1" 304 - "-" "okhttp/3.14.9"
::ffff:192.168.43.1 - - [23/Apr/2021:19:45:19 +0000] "GET /uploads/chapters/photo.jpg HTTP/1.1" 404 165 "-" "Dalvik/2.1.0 (Linux; U; Android 9; Redmi Note 7 Pro MIUI/V11.0.10.0.PFHINXM)"
::ffff:192.168.43.1 - - [23/Apr/2021:19:45:36 +0000] "DELETE /chapters/608315fddb11c93c687b36f0 HTTP/1.1" 404 175 "-" "okhttp/3.14.9"
::ffff:192.168.43.1 - - [23/Apr/2021:19:46:40 +0000] "GET /api/chapters HTTP/1.1" 304 - "-" "okhttp/3.14.9"
::ffff:192.168.43.1 - - [23/Apr/2021:19:46:42 +0000] "GET /uploads/chapters/photo.jpg HTTP/1.1" 404 165 "-" "Dalvik/2.1.0 (Linux; U; Android 9; Redmi Note 7 Pro MIUI/V11.0.10.0.PFHINXM)"
::ffff:192.168.43.1 - - [23/Apr/2021:19:46:44 +0000] "DELETE /chapters/608315fddb11c93c687b36f0 HTTP/1.1" 404 175 "-" "okhttp/3.14.9"
::ffff:192.168.43.1 - - [23/Apr/2021:19:47:35 +0000] "DELETE /chapters/608315fddb11c93c687b36f0 HTTP/1.1" 404 175 "-" "okhttp/3.14.9"
::1 - - [23/Apr/2021:19:47:59 +0000] "GET /api/chapters HTTP/1.1" 200 1415 "-" "PostmanRuntime/7.26.10"
::1 - - [23/Apr/2021:19:48:10 +0000] "POST /api/users/login HTTP/1.1" 200 437 "-" "PostmanRuntime/7.26.10"
::1 - - [23/Apr/2021:19:48:15 +0000] "GET /api/chapters/608315fddb11c93c687b36f0 HTTP/1.1" 200 207 "-" "PostmanRuntime/7.26.10"
::ffff:192.168.43.1 - - [23/Apr/2021:19:52:35 +0000] "DELETE /chapters/608315fddb11c93c687b36f0 HTTP/1.1" 404 175 "-" "okhttp/3.14.9"
::ffff:192.168.43.1 - - [23/Apr/2021:19:52:36 +0000] "GET /api/chapters HTTP/1.1" 304 - "-" "okhttp/3.14.9"
::ffff:192.168.43.119 - - [23/Apr/2021:19:52:36 +0000] "GET /api/chapters HTTP/1.1" 304 - "-" "okhttp/3.12.1"
::ffff:192.168.43.1 - - [23/Apr/2021:19:52:39 +0000] "GET /uploads/chapters/photo.jpg HTTP/1.1" 404 165 "-" "Dalvik/2.1.0 (Linux; U; Android 9; Redmi Note 7 Pro MIUI/V11.0.10.0.PFHINXM)"
::ffff:192.168.43.1 - - [23/Apr/2021:19:52:42 +0000] "DELETE /chapters/608315fddb11c93c687b36f0 HTTP/1.1" 404 175 "-" "okhttp/3.14.9"
::ffff:192.168.43.1 - - [23/Apr/2021:19:52:44 +0000] "GET /api/chapters HTTP/1.1" 304 - "-" "okhttp/3.14.9"
::ffff:192.168.43.119 - - [23/Apr/2021:19:52:44 +0000] "GET /api/chapters HTTP/1.1" 304 - "-" "okhttp/3.12.1"
::ffff:192.168.43.1 - - [23/Apr/2021:19:52:47 +0000] "GET /uploads/chapters/photo.jpg HTTP/1.1" 404 165 "-" "Dalvik/2.1.0 (Linux; U; Android 9; Redmi Note 7 Pro MIUI/V11.0.10.0.PFHINXM)"
::ffff:192.168.43.1 - - [23/Apr/2021:19:52:48 +0000] "DELETE /chapters/608315fddb11c93c687b36f0 HTTP/1.1" 404 175 "-" "okhttp/3.14.9"
::ffff:192.168.43.1 - - [23/Apr/2021:19:52:50 +0000] "GET /api/chapters HTTP/1.1" 304 - "-" "okhttp/3.14.9"
::ffff:192.168.43.119 - - [23/Apr/2021:19:52:50 +0000] "GET /api/chapters HTTP/1.1" 304 - "-" "okhttp/3.12.1"
::ffff:192.168.43.119 - - [23/Apr/2021:19:53:44 +0000] "DELETE /chapters/6081cd3cc75fd22624345f13 HTTP/1.1" 404 175 "-" "okhttp/3.12.1"
::ffff:192.168.43.1 - - [23/Apr/2021:19:53:48 +0000] "GET /api/chapters HTTP/1.1" 304 - "-" "okhttp/3.14.9"
::ffff:192.168.43.119 - - [23/Apr/2021:19:53:50 +0000] "GET /api/chapters HTTP/1.1" 304 - "-" "okhttp/3.12.1"
::ffff:192.168.43.1 - - [23/Apr/2021:19:56:53 +0000] "GET /uploads/chapters/photo.jpg HTTP/1.1" 404 165 "-" "Dalvik/2.1.0 (Linux; U; Android 9; Redmi Note 7 Pro MIUI/V11.0.10.0.PFHINXM)"
::ffff:192.168.43.119 - - [23/Apr/2021:19:57:02 +0000] "GET /uploads/chapters/photo.jpg HTTP/1.1" 404 165 "-" "Dalvik/2.1.0 (Linux; U; Android 11; sdk_gphone_x86 Build/RSR1.200819.001.A1)"
::ffff:192.168.43.119 - - [23/Apr/2021:19:57:05 +0000] "DELETE /chapters/608315fddb11c93c687b36f0 HTTP/1.1" 404 175 "-" "okhttp/3.12.1"
::ffff:192.168.43.119 - - [23/Apr/2021:19:57:17 +0000] "DELETE /chapters/6081cd48c75fd22624345f14 HTTP/1.1" 404 175 "-" "okhttp/3.12.1"
::ffff:192.168.43.119 - - [23/Apr/2021:19:57:56 +0000] "DELETE /chapters/608315fddb11c93c687b36f0 HTTP/1.1" 404 175 "-" "okhttp/3.12.1"
::ffff:192.168.43.1 - - [23/Apr/2021:20:00:12 +0000] "GET /api/chapters HTTP/1.1" 304 - "-" "okhttp/3.14.9"
::ffff:192.168.43.119 - - [23/Apr/2021:20:00:15 +0000] "GET /api/chapters HTTP/1.1" 304 - "-" "okhttp/3.12.1"
::ffff:192.168.43.1 - - [23/Apr/2021:20:00:28 +0000] "GET /uploads/chapters/photo.jpg HTTP/1.1" 404 165 "-" "Dalvik/2.1.0 (Linux; U; Android 9; Redmi Note 7 Pro MIUI/V11.0.10.0.PFHINXM)"
::ffff:192.168.43.1 - - [23/Apr/2021:20:00:29 +0000] "DELETE /chapters/608315fddb11c93c687b36f0 HTTP/1.1" 404 175 "-" "okhttp/3.14.9"
::1 - - [23/Apr/2021:20:00:56 +0000] "GET /api/chapters HTTP/1.1" 200 1415 "-" "PostmanRuntime/7.26.10"
::1 - - [23/Apr/2021:20:01:22 +0000] "DELETE /api/chapters/608315fddb11c93c687b36f0 HTTP/1.1" 200 194 "-" "PostmanRuntime/7.26.10"
::ffff:192.168.43.1 - - [23/Apr/2021:20:02:37 +0000] "DELETE /chapters/6076f6f70b3f53502c7bb2c6 HTTP/1.1" 404 175 "-" "okhttp/3.14.9"
::ffff:192.168.43.1 - - [23/Apr/2021:20:02:37 +0000] "DELETE /chapters/6076f93c3159173440e2f3f6 HTTP/1.1" 404 175 "-" "okhttp/3.14.9"
::ffff:192.168.43.1 - - [23/Apr/2021:20:02:37 +0000] "DELETE /chapters/6081cd3cc75fd22624345f13 HTTP/1.1" 404 175 "-" "okhttp/3.14.9"
::ffff:192.168.43.1 - - [23/Apr/2021:20:02:37 +0000] "DELETE /chapters/6081cd48c75fd22624345f14 HTTP/1.1" 404 175 "-" "okhttp/3.14.9"
::ffff:192.168.43.1 - - [23/Apr/2021:20:02:37 +0000] "DELETE /chapters/608315fddb11c93c687b36f0 HTTP/1.1" 404 175 "-" "okhttp/3.14.9"
::ffff:192.168.43.119 - - [23/Apr/2021:20:02:37 +0000] "DELETE /chapters/6076f93c3159173440e2f3f6 HTTP/1.1" 404 175 "-" "okhttp/3.12.1"
::ffff:192.168.43.119 - - [23/Apr/2021:20:02:37 +0000] "DELETE /chapters/6076f6f70b3f53502c7bb2c6 HTTP/1.1" 404 175 "-" "okhttp/3.12.1"
::ffff:192.168.43.119 - - [23/Apr/2021:20:02:37 +0000] "DELETE /chapters/6081cd48c75fd22624345f14 HTTP/1.1" 404 175 "-" "okhttp/3.12.1"
::ffff:192.168.43.119 - - [23/Apr/2021:20:02:38 +0000] "DELETE /chapters/6081cd3cc75fd22624345f13 HTTP/1.1" 404 175 "-" "okhttp/3.12.1"
::ffff:192.168.43.119 - - [23/Apr/2021:20:02:38 +0000] "DELETE /chapters/608315fddb11c93c687b36f0 HTTP/1.1" 404 175 "-" "okhttp/3.12.1"
::1 - - [23/Apr/2021:20:02:46 +0000] "GET /api/chapters HTTP/1.1" 200 1244 "-" "PostmanRuntime/7.26.10"
::ffff:192.168.43.1 - - [23/Apr/2021:20:02:56 +0000] "GET /api/chapters HTTP/1.1" 200 1244 "-" "okhttp/3.14.9"
::ffff:192.168.43.1 - - [23/Apr/2021:20:02:56 +0000] "DELETE /chapters/6076f93c3159173440e2f3f6 HTTP/1.1" 404 175 "-" "okhttp/3.14.9"
::ffff:192.168.43.1 - - [23/Apr/2021:20:02:56 +0000] "DELETE /chapters/6076f6f70b3f53502c7bb2c6 HTTP/1.1" 404 175 "-" "okhttp/3.14.9"
::ffff:192.168.43.1 - - [23/Apr/2021:20:02:56 +0000] "DELETE /chapters/6081cd48c75fd22624345f14 HTTP/1.1" 404 175 "-" "okhttp/3.14.9"
::ffff:192.168.43.1 - - [23/Apr/2021:20:02:56 +0000] "DELETE /chapters/6081cd3cc75fd22624345f13 HTTP/1.1" 404 175 "-" "okhttp/3.14.9"
::ffff:192.168.43.1 - - [23/Apr/2021:20:02:56 +0000] "DELETE /chapters/6076f93c3159173440e2f3f6 HTTP/1.1" 404 175 "-" "okhttp/3.14.9"
::ffff:192.168.43.1 - - [23/Apr/2021:20:02:56 +0000] "DELETE /chapters/6076f6f70b3f53502c7bb2c6 HTTP/1.1" 404 175 "-" "okhttp/3.14.9"
::ffff:192.168.43.1 - - [23/Apr/2021:20:02:56 +0000] "DELETE /chapters/6081cd48c75fd22624345f14 HTTP/1.1" 404 175 "-" "okhttp/3.14.9"
::ffff:192.168.43.1 - - [23/Apr/2021:20:02:56 +0000] "DELETE /chapters/6081cd3cc75fd22624345f13 HTTP/1.1" 404 175 "-" "okhttp/3.14.9"
::ffff:192.168.43.119 - - [23/Apr/2021:20:03:11 +0000] "GET /api/chapters HTTP/1.1" 200 1244 "-" "okhttp/3.12.1"
::ffff:192.168.43.119 - - [23/Apr/2021:20:03:12 +0000] "DELETE /chapters/6076f93c3159173440e2f3f6 HTTP/1.1" 404 175 "-" "okhttp/3.12.1"
::ffff:192.168.43.119 - - [23/Apr/2021:20:03:12 +0000] "DELETE /chapters/6081cd48c75fd22624345f14 HTTP/1.1" 404 175 "-" "okhttp/3.12.1"
::ffff:192.168.43.119 - - [23/Apr/2021:20:03:12 +0000] "DELETE /chapters/6076f6f70b3f53502c7bb2c6 HTTP/1.1" 404 175 "-" "okhttp/3.12.1"
::ffff:192.168.43.119 - - [23/Apr/2021:20:03:12 +0000] "DELETE /chapters/6081cd3cc75fd22624345f13 HTTP/1.1" 404 175 "-" "okhttp/3.12.1"
::ffff:192.168.43.119 - - [23/Apr/2021:20:03:13 +0000] "DELETE /chapters/6076f93c3159173440e2f3f6 HTTP/1.1" 404 175 "-" "okhttp/3.12.1"
::ffff:192.168.43.119 - - [23/Apr/2021:20:03:13 +0000] "DELETE /chapters/6076f6f70b3f53502c7bb2c6 HTTP/1.1" 404 175 "-" "okhttp/3.12.1"
::ffff:192.168.43.119 - - [23/Apr/2021:20:03:13 +0000] "DELETE /chapters/6081cd3cc75fd22624345f13 HTTP/1.1" 404 175 "-" "okhttp/3.12.1"
::ffff:192.168.43.119 - - [23/Apr/2021:20:03:13 +0000] "DELETE /chapters/6081cd48c75fd22624345f14 HTTP/1.1" 404 175 "-" "okhttp/3.12.1"
::1 - - [23/Apr/2021:20:03:40 +0000] "GET /api/chapters HTTP/1.1" 200 1244 "-" "PostmanRuntime/7.26.10"
::ffff:192.168.43.1 - - [23/Apr/2021:20:04:31 +0000] "DELETE /chapters/6076f93c3159173440e2f3f6 HTTP/1.1" 404 175 "-" "okhttp/3.14.9"
::ffff:192.168.43.1 - - [23/Apr/2021:20:04:31 +0000] "DELETE /chapters/6076f6f70b3f53502c7bb2c6 HTTP/1.1" 404 175 "-" "okhttp/3.14.9"
::ffff:192.168.43.1 - - [23/Apr/2021:20:04:31 +0000] "DELETE /chapters/6081cd3cc75fd22624345f13 HTTP/1.1" 404 175 "-" "okhttp/3.14.9"
::ffff:192.168.43.1 - - [23/Apr/2021:20:04:31 +0000] "DELETE /chapters/6081cd48c75fd22624345f14 HTTP/1.1" 404 175 "-" "okhttp/3.14.9"
::ffff:192.168.43.119 - - [23/Apr/2021:20:04:31 +0000] "DELETE /chapters/6076f6f70b3f53502c7bb2c6 HTTP/1.1" 404 175 "-" "okhttp/3.12.1"
::ffff:192.168.43.119 - - [23/Apr/2021:20:04:31 +0000] "DELETE /chapters/6081cd48c75fd22624345f14 HTTP/1.1" 404 175 "-" "okhttp/3.12.1"
::ffff:192.168.43.119 - - [23/Apr/2021:20:04:31 +0000] "DELETE /chapters/6081cd3cc75fd22624345f13 HTTP/1.1" 404 175 "-" "okhttp/3.12.1"
::ffff:192.168.43.119 - - [23/Apr/2021:20:04:31 +0000] "DELETE /chapters/6076f93c3159173440e2f3f6 HTTP/1.1" 404 175 "-" "okhttp/3.12.1"
::ffff:192.168.43.1 - - [23/Apr/2021:20:05:17 +0000] "DELETE /chapters/6081cd48c75fd22624345f14 HTTP/1.1" 404 175 "-" "okhttp/3.14.9"
::ffff:192.168.43.1 - - [23/Apr/2021:20:06:12 +0000] "DELETE /chapters/6081cd48c75fd22624345f14 HTTP/1.1" 404 175 "-" "okhttp/3.14.9"
::ffff:192.168.43.1 - - [23/Apr/2021:20:07:40 +0000] "DELETE /chapters/6081cd48c75fd22624345f14 HTTP/1.1" 404 175 "-" "okhttp/3.14.9"
::ffff:192.168.43.1 - - [23/Apr/2021:20:09:49 +0000] "DELETE /chapters/6081cd48c75fd22624345f14 HTTP/1.1" 404 175 "-" "okhttp/3.14.9"
::1 - - [23/Apr/2021:20:10:06 +0000] "GET /api/chapters HTTP/1.1" 200 1244 "-" "PostmanRuntime/7.26.10"
::ffff:192.168.43.1 - - [23/Apr/2021:20:10:24 +0000] "DELETE /chapters/6081cd48c75fd22624345f14 HTTP/1.1" 404 175 "-" "okhttp/3.14.9"
::ffff:192.168.43.1 - - [23/Apr/2021:20:10:39 +0000] "DELETE /chapters/6081cd48c75fd22624345f14 HTTP/1.1" 404 175 "-" "okhttp/3.14.9"
::ffff:192.168.43.1 - - [23/Apr/2021:20:11:24 +0000] "GET /api/chapters HTTP/1.1" 304 - "-" "okhttp/3.14.9"
::ffff:192.168.43.119 - - [23/Apr/2021:20:11:24 +0000] "GET /api/chapters HTTP/1.1" 304 - "-" "okhttp/3.12.1"
::ffff:192.168.43.1 - - [23/Apr/2021:20:11:32 +0000] "GET /api/chapters HTTP/1.1" 304 - "-" "okhttp/3.14.9"
::ffff:192.168.43.119 - - [23/Apr/2021:20:11:36 +0000] "GET /api/chapters HTTP/1.1" 304 - "-" "okhttp/3.12.1"
::ffff:192.168.43.1 - - [23/Apr/2021:20:11:42 +0000] "GET /api/chapters HTTP/1.1" 304 - "-" "okhttp/3.14.9"
::ffff:192.168.43.119 - - [23/Apr/2021:20:11:42 +0000] "GET /api/chapters HTTP/1.1" 304 - "-" "okhttp/3.12.1"
::ffff:192.168.43.1 - - [23/Apr/2021:20:12:49 +0000] "GET /api/chapters HTTP/1.1" 304 - "-" "okhttp/3.14.9"
::ffff:192.168.43.119 - - [23/Apr/2021:20:12:49 +0000] "GET /api/chapters HTTP/1.1" 304 - "-" "okhttp/3.12.1"
::ffff:192.168.43.1 - - [23/Apr/2021:20:12:51 +0000] "DELETE /chapters/6081cd48c75fd22624345f14 HTTP/1.1" 404 175 "-" "okhttp/3.14.9"
::ffff:192.168.43.1 - - [23/Apr/2021:20:13:25 +0000] "GET /api/chapters HTTP/1.1" 304 - "-" "okhttp/3.14.9"
::ffff:192.168.43.119 - - [23/Apr/2021:20:13:26 +0000] "GET /api/chapters HTTP/1.1" 304 - "-" "okhttp/3.12.1"
::ffff:192.168.43.1 - - [24/Apr/2021:13:26:17 +0000] "GET /api/chapters HTTP/1.1" 304 - "-" "okhttp/3.14.9"
::ffff:192.168.43.1 - - [24/Apr/2021:13:31:00 +0000] "GET /api/chapters HTTP/1.1" 304 - "-" "okhttp/3.14.9"
::ffff:192.168.43.1 - - [24/Apr/2021:13:31:00 +0000] "GET /api/chapters HTTP/1.1" 304 - "-" "okhttp/3.14.9"
::ffff:192.168.43.1 - - [24/Apr/2021:13:31:00 +0000] "GET /api/chapters HTTP/1.1" 304 - "-" "okhttp/3.14.9"
::ffff:192.168.43.1 - - [24/Apr/2021:13:31:04 +0000] "GET /api/chapters HTTP/1.1" 304 - "-" "okhttp/3.14.9"
::ffff:192.168.43.1 - - [24/Apr/2021:13:31:05 +0000] "GET /api/chapters HTTP/1.1" 304 - "-" "okhttp/3.14.9"
::ffff:192.168.43.1 - - [24/Apr/2021:13:31:11 +0000] "GET /api/chapters HTTP/1.1" 304 - "-" "okhttp/3.14.9"
::ffff:192.168.43.1 - - [24/Apr/2021:13:31:52 +0000] "GET /api/chapters HTTP/1.1" 304 - "-" "okhttp/3.14.9"
::ffff:192.168.43.1 - - [24/Apr/2021:13:33:22 +0000] "GET /api/chapters HTTP/1.1" 304 - "-" "okhttp/3.14.9"
::ffff:192.168.43.1 - - [24/Apr/2021:13:35:01 +0000] "GET /api/chapters HTTP/1.1" 304 - "-" "okhttp/3.14.9"
::ffff:192.168.43.1 - - [24/Apr/2021:13:38:50 +0000] "GET /api/chapters HTTP/1.1" 304 - "-" "okhttp/3.14.9"
::ffff:192.168.43.1 - - [24/Apr/2021:13:38:55 +0000] "GET /api/chapters HTTP/1.1" 304 - "-" "okhttp/3.14.9"
::ffff:192.168.43.1 - - [24/Apr/2021:13:39:08 +0000] "GET /api/chapters HTTP/1.1" 304 - "-" "okhttp/3.14.9"
::ffff:192.168.43.1 - - [24/Apr/2021:13:39:17 +0000] "GET /api/chapters HTTP/1.1" 304 - "-" "okhttp/3.14.9"
::ffff:192.168.43.1 - - [24/Apr/2021:13:40:21 +0000] "GET /api/chapters HTTP/1.1" 304 - "-" "okhttp/3.14.9"
::ffff:192.168.43.1 - - [24/Apr/2021:13:41:12 +0000] "GET /api/chapters HTTP/1.1" 304 - "-" "okhttp/3.14.9"
::ffff:192.168.43.1 - - [24/Apr/2021:13:42:23 +0000] "GET /api/chapters HTTP/1.1" 304 - "-" "okhttp/3.14.9"
::ffff:192.168.43.1 - - [24/Apr/2021:13:42:29 +0000] "GET /api/chapters HTTP/1.1" 304 - "-" "okhttp/3.14.9"
::ffff:192.168.43.1 - - [24/Apr/2021:13:43:08 +0000] "GET /api/chapters HTTP/1.1" 304 - "-" "okhttp/3.14.9"
::ffff:192.168.43.1 - - [24/Apr/2021:13:43:45 +0000] "GET /api/chapters HTTP/1.1" 304 - "-" "okhttp/3.14.9"
::ffff:192.168.43.1 - - [24/Apr/2021:13:46:20 +0000] "GET /api/chapters HTTP/1.1" 304 - "-" "okhttp/3.14.9"
::ffff:192.168.43.1 - - [24/Apr/2021:13:46:56 +0000] "GET /api/chapters HTTP/1.1" 304 - "-" "okhttp/3.14.9"
::ffff:192.168.43.1 - - [24/Apr/2021:13:47:09 +0000] "GET /api/chapters HTTP/1.1" 304 - "-" "okhttp/3.14.9"
::ffff:192.168.43.1 - - [24/Apr/2021:13:47:37 +0000] "GET /api/chapters HTTP/1.1" 304 - "-" "okhttp/3.14.9"
::ffff:192.168.43.1 - - [24/Apr/2021:13:48:14 +0000] "GET /api/chapters HTTP/1.1" 304 - "-" "okhttp/3.14.9"
::ffff:192.168.43.1 - - [24/Apr/2021:13:49:01 +0000] "GET /api/chapters HTTP/1.1" 304 - "-" "okhttp/3.14.9"
::ffff:192.168.43.1 - - [24/Apr/2021:13:49:12 +0000] "GET /api/chapters HTTP/1.1" 304 - "-" "okhttp/3.14.9"
::ffff:192.168.43.1 - - [24/Apr/2021:13:51:09 +0000] "GET /api/chapters HTTP/1.1" 304 - "-" "okhttp/3.14.9"
::ffff:192.168.43.1 - - [24/Apr/2021:13:51:09 +0000] "GET /api/chapters HTTP/1.1" 304 - "-" "okhttp/3.14.9"
::ffff:192.168.43.1 - - [24/Apr/2021:13:51:09 +0000] "GET /api/chapters HTTP/1.1" 304 - "-" "okhttp/3.14.9"
::ffff:192.168.43.1 - - [24/Apr/2021:13:51:11 +0000] "GET /api/chapters HTTP/1.1" 304 - "-" "okhttp/3.14.9"
::ffff:192.168.43.1 - - [24/Apr/2021:13:51:24 +0000] "GET /api/chapters HTTP/1.1" 304 - "-" "okhttp/3.14.9"
::ffff:192.168.43.1 - - [24/Apr/2021:13:51:59 +0000] "GET /api/chapters HTTP/1.1" 304 - "-" "okhttp/3.14.9"
::ffff:192.168.43.1 - - [24/Apr/2021:13:53:44 +0000] "GET /api/chapters HTTP/1.1" 304 - "-" "okhttp/3.14.9"
::ffff:192.168.43.1 - - [24/Apr/2021:13:56:24 +0000] "GET /api/chapters HTTP/1.1" 304 - "-" "okhttp/3.14.9"
::ffff:192.168.43.1 - - [24/Apr/2021:13:58:29 +0000] "GET /api/chapters HTTP/1.1" 304 - "-" "okhttp/3.14.9"
::ffff:192.168.43.1 - - [24/Apr/2021:14:00:51 +0000] "GET /api/chapters HTTP/1.1" 304 - "-" "okhttp/3.14.9"
::ffff:192.168.43.1 - - [24/Apr/2021:14:08:52 +0000] "POST /api/users/login HTTP/1.1" 200 445 "-" "okhttp/3.14.9"
::ffff:192.168.43.1 - - [24/Apr/2021:14:09:25 +0000] "GET /uploads/chapters/undefined HTTP/1.1" 404 165 "-" "Dalvik/2.1.0 (Linux; U; Android 9; Redmi Note 7 Pro MIUI/V11.0.10.0.PFHINXM)"
::ffff:192.168.43.1 - - [24/Apr/2021:14:09:28 +0000] "GET /uploads/chapters/undefined HTTP/1.1" 404 165 "-" "Dalvik/2.1.0 (Linux; U; Android 9; Redmi Note 7 Pro MIUI/V11.0.10.0.PFHINXM)"
::ffff:192.168.43.1 - - [24/Apr/2021:14:10:56 +0000] "POST /api/chapters HTTP/1.1" 200 230 "-" "okhttp/3.14.9"
::ffff:192.168.43.1 - - [24/Apr/2021:14:12:05 +0000] "GET /uploads/chapters/undefined HTTP/1.1" 404 165 "-" "Dalvik/2.1.0 (Linux; U; Android 9; Redmi Note 7 Pro MIUI/V11.0.10.0.PFHINXM)"
::1 - - [24/Apr/2021:14:27:53 +0000] "GET /api/chapters HTTP/1.1" 200 1451 "-" "PostmanRuntime/7.26.10"
::ffff:192.168.43.1 - - [24/Apr/2021:14:29:57 +0000] "GET /api/chapters HTTP/1.1" 200 1451 "-" "okhttp/3.14.9"
::ffff:192.168.43.1 - - [24/Apr/2021:14:30:52 +0000] "GET /uploads/chapters/undefined HTTP/1.1" 404 165 "-" "Dalvik/2.1.0 (Linux; U; Android 9; Redmi Note 7 Pro MIUI/V11.0.10.0.PFHINXM)"
::ffff:192.168.43.1 - - [24/Apr/2021:14:31:01 +0000] "GET /api/chapters HTTP/1.1" 304 - "-" "okhttp/3.14.9"
::ffff:192.168.43.1 - - [24/Apr/2021:14:31:05 +0000] "GET /uploads/chapters/undefined HTTP/1.1" 404 165 "-" "Dalvik/2.1.0 (Linux; U; Android 9; Redmi Note 7 Pro MIUI/V11.0.10.0.PFHINXM)"
::ffff:192.168.43.1 - - [24/Apr/2021:14:33:40 +0000] "GET /api/chapters HTTP/1.1" 304 - "-" "okhttp/3.14.9"
::ffff:192.168.43.1 - - [24/Apr/2021:14:34:48 +0000] "GET /api/chapters HTTP/1.1" 304 - "-" "okhttp/3.14.9"
::ffff:192.168.43.1 - - [24/Apr/2021:14:35:35 +0000] "GET /api/chapters HTTP/1.1" 304 - "-" "okhttp/3.14.9"
::1 - - [24/Apr/2021:14:37:38 +0000] "GET /api/lessons HTTP/1.1" 200 1098 "-" "PostmanRuntime/7.26.10"
::ffff:192.168.43.1 - - [24/Apr/2021:14:40:19 +0000] "GET /api/chapters HTTP/1.1" 304 - "-" "okhttp/3.14.9"
::ffff:192.168.43.1 - - [24/Apr/2021:14:40:23 +0000] "GET /api/chapters HTTP/1.1" 304 - "-" "okhttp/3.14.9"
::ffff:192.168.43.1 - - [24/Apr/2021:14:40:25 +0000] "GET /api/chapters HTTP/1.1" 304 - "-" "okhttp/3.14.9"
::ffff:192.168.43.1 - - [24/Apr/2021:14:43:03 +0000] "GET /api/chapters HTTP/1.1" - - "-" "okhttp/3.14.9"
::ffff:192.168.43.1 - - [24/Apr/2021:14:43:16 +0000] "GET /api/chapters HTTP/1.1" 304 - "-" "okhttp/3.14.9"
::ffff:192.168.43.1 - - [24/Apr/2021:14:43:56 +0000] "GET /api/chapters HTTP/1.1" 304 - "-" "okhttp/3.14.9"
::ffff:192.168.43.1 - - [24/Apr/2021:14:54:07 +0000] "GET /api/chapters HTTP/1.1" 304 - "-" "okhttp/3.14.9"
::ffff:192.168.43.1 - - [24/Apr/2021:14:54:11 +0000] "GET /api/chapters HTTP/1.1" 304 - "-" "okhttp/3.14.9"
::ffff:192.168.43.1 - - [24/Apr/2021:14:54:48 +0000] "GET /api/chapters HTTP/1.1" 304 - "-" "okhttp/3.14.9"
::1 - - [24/Apr/2021:14:56:07 +0000] "GET /api/chapters HTTP/1.1" 200 1451 "-" "PostmanRuntime/7.26.10"
::ffff:192.168.43.1 - - [24/Apr/2021:14:56:33 +0000] "GET /uploads/chapters/photo.jpg HTTP/1.1" 404 165 "-" "Dalvik/2.1.0 (Linux; U; Android 9; Redmi Note 7 Pro MIUI/V11.0.10.0.PFHINXM)"
::ffff:192.168.43.1 - - [24/Apr/2021:15:14:58 +0000] "POST /api/users/login HTTP/1.1" 200 437 "-" "okhttp/3.14.9"
::ffff:192.168.43.1 - - [24/Apr/2021:15:20:03 +0000] "GET /api/chapters HTTP/1.1" 304 - "-" "okhttp/3.14.9"
::ffff:192.168.43.1 - - [24/Apr/2021:15:22:16 +0000] "GET /api/chapters HTTP/1.1" 304 - "-" "okhttp/3.14.9"
::1 - - [24/Apr/2021:15:22:49 +0000] "GET /api/chapters/6076f93c3159173440e2f3f6/lessons HTTP/1.1" 200 888 "-" "PostmanRuntime/7.26.10"
::ffff:192.168.43.1 - - [24/Apr/2021:15:23:21 +0000] "GET /api/chapters/undefined/lessons HTTP/1.1" 500 225 "-" "okhttp/3.14.9"
::ffff:192.168.43.1 - - [24/Apr/2021:15:23:49 +0000] "GET /api/chapters HTTP/1.1" 304 - "-" "okhttp/3.14.9"
::ffff:192.168.43.1 - - [24/Apr/2021:15:27:37 +0000] "GET /api/chapters/6076f6f70b3f53502c7bb2c6/lessons HTTP/1.1" 200 36 "-" "okhttp/3.14.9"
::1 - - [24/Apr/2021:15:27:55 +0000] "GET /api/chapters HTTP/1.1" 200 1451 "-" "PostmanRuntime/7.26.10"
::1 - - [24/Apr/2021:15:28:13 +0000] "GET /api/chapters/6076f93c3159173440e2f3f6/lessons HTTP/1.1" 200 888 "-" "PostmanRuntime/7.26.10"
::ffff:192.168.43.1 - - [24/Apr/2021:15:28:16 +0000] "GET /api/chapters/6076f93c3159173440e2f3f6/lessons HTTP/1.1" 200 888 "-" "okhttp/3.14.9"
::ffff:192.168.43.1 - - [24/Apr/2021:15:28:33 +0000] "GET /api/chapters/6076f93c3159173440e2f3f6/lessons HTTP/1.1" 304 - "-" "okhttp/3.14.9"
::ffff:192.168.43.1 - - [24/Apr/2021:15:29:15 +0000] "GET /api/chapters/6076f93c3159173440e2f3f6/lessons HTTP/1.1" 304 - "-" "okhttp/3.14.9"
::ffff:192.168.43.1 - - [24/Apr/2021:15:29:43 +0000] "GET /api/chapters/6076f93c3159173440e2f3f6/lessons HTTP/1.1" 304 - "-" "okhttp/3.14.9"
::ffff:192.168.43.1 - - [24/Apr/2021:15:29:58 +0000] "GET /api/chapters/6076f93c3159173440e2f3f6/lessons HTTP/1.1" 304 - "-" "okhttp/3.14.9"
::ffff:192.168.43.1 - - [24/Apr/2021:15:30:02 +0000] "GET /api/chapters/6076f93c3159173440e2f3f6/lessons HTTP/1.1" 304 - "-" "okhttp/3.14.9"
::ffff:192.168.43.1 - - [24/Apr/2021:15:30:03 +0000] "GET /api/chapters/6076f93c3159173440e2f3f6/lessons HTTP/1.1" 304 - "-" "okhttp/3.14.9"
::ffff:192.168.43.1 - - [24/Apr/2021:15:30:26 +0000] "GET /api/chapters/6076f93c3159173440e2f3f6/lessons HTTP/1.1" 304 - "-" "okhttp/3.14.9"
::ffff:192.168.43.1 - - [24/Apr/2021:15:30:28 +0000] "GET /api/chapters/6076f93c3159173440e2f3f6/lessons HTTP/1.1" 304 - "-" "okhttp/3.14.9"
::ffff:192.168.43.1 - - [24/Apr/2021:15:30:40 +0000] "GET /api/chapters HTTP/1.1" 304 - "-" "okhttp/3.14.9"
::ffff:192.168.43.1 - - [24/Apr/2021:15:30:45 +0000] "GET /api/chapters/6076f93c3159173440e2f3f6/lessons HTTP/1.1" 304 - "-" "okhttp/3.14.9"
::1 - - [24/Apr/2021:15:31:18 +0000] "POST /api/lessons HTTP/1.1" 200 305 "-" "PostmanRuntime/7.26.10"
::1 - - [24/Apr/2021:15:31:24 +0000] "POST /api/lessons HTTP/1.1" 200 310 "-" "PostmanRuntime/7.26.10"
::1 - - [24/Apr/2021:15:31:43 +0000] "POST /api/lessons HTTP/1.1" 200 301 "-" "PostmanRuntime/7.26.10"
::ffff:192.168.43.1 - - [24/Apr/2021:15:31:46 +0000] "GET /api/chapters/6076f93c3159173440e2f3f6/lessons HTTP/1.1" 200 1735 "-" "okhttp/3.14.9"
::1 - - [24/Apr/2021:15:32:00 +0000] "POST /api/lessons HTTP/1.1" 200 301 "-" "PostmanRuntime/7.26.10"
::ffff:192.168.43.1 - - [24/Apr/2021:15:32:03 +0000] "GET /api/chapters/6076f93c3159173440e2f3f6/lessons HTTP/1.1" 200 2013 "-" "okhttp/3.14.9"
::ffff:192.168.43.1 - - [24/Apr/2021:15:32:30 +0000] "GET /api/chapters/6076f93c3159173440e2f3f6/lessons HTTP/1.1" 304 - "-" "okhttp/3.14.9"
::ffff:192.168.43.1 - - [24/Apr/2021:15:32:38 +0000] "GET /api/chapters/6076f93c3159173440e2f3f6/lessons HTTP/1.1" 304 - "-" "okhttp/3.14.9"
::ffff:192.168.43.1 - - [24/Apr/2021:15:32:38 +0000] "GET /api/chapters/6076f93c3159173440e2f3f6/lessons HTTP/1.1" 304 - "-" "okhttp/3.14.9"
::ffff:192.168.43.1 - - [24/Apr/2021:15:32:39 +0000] "GET /api/chapters/6076f93c3159173440e2f3f6/lessons HTTP/1.1" 304 - "-" "okhttp/3.14.9"
::ffff:192.168.43.1 - - [24/Apr/2021:15:32:39 +0000] "GET /api/chapters/6076f93c3159173440e2f3f6/lessons HTTP/1.1" 304 - "-" "okhttp/3.14.9"
::ffff:192.168.43.1 - - [24/Apr/2021:15:32:39 +0000] "GET /api/chapters/6076f93c3159173440e2f3f6/lessons HTTP/1.1" 304 - "-" "okhttp/3.14.9"
::ffff:192.168.43.1 - - [24/Apr/2021:15:32:39 +0000] "GET /api/chapters/6076f93c3159173440e2f3f6/lessons HTTP/1.1" 304 - "-" "okhttp/3.14.9"
::ffff:192.168.43.1 - - [24/Apr/2021:15:32:40 +0000] "GET /api/chapters/6076f93c3159173440e2f3f6/lessons HTTP/1.1" 304 - "-" "okhttp/3.14.9"
::ffff:192.168.43.1 - - [24/Apr/2021:15:32:40 +0000] "GET /api/chapters/6076f93c3159173440e2f3f6/lessons HTTP/1.1" 304 - "-" "okhttp/3.14.9"
::ffff:192.168.43.1 - - [24/Apr/2021:15:32:40 +0000] "GET /api/chapters/6076f93c3159173440e2f3f6/lessons HTTP/1.1" 304 - "-" "okhttp/3.14.9"
::ffff:192.168.43.1 - - [24/Apr/2021:15:32:41 +0000] "GET /api/chapters/6076f93c3159173440e2f3f6/lessons HTTP/1.1" 304 - "-" "okhttp/3.14.9"
::ffff:192.168.43.1 - - [24/Apr/2021:15:32:41 +0000] "GET /api/chapters/6076f93c3159173440e2f3f6/lessons HTTP/1.1" 304 - "-" "okhttp/3.14.9"
::ffff:192.168.43.1 - - [24/Apr/2021:15:32:41 +0000] "GET /api/chapters/6076f93c3159173440e2f3f6/lessons HTTP/1.1" 304 - "-" "okhttp/3.14.9"
::ffff:192.168.43.1 - - [24/Apr/2021:15:32:41 +0000] "GET /api/chapters/6076f93c3159173440e2f3f6/lessons HTTP/1.1" 304 - "-" "okhttp/3.14.9"
::ffff:192.168.43.1 - - [24/Apr/2021:15:32:42 +0000] "GET /api/chapters/6076f93c3159173440e2f3f6/lessons HTTP/1.1" 304 - "-" "okhttp/3.14.9"
::ffff:192.168.43.1 - - [24/Apr/2021:15:32:42 +0000] "GET /api/chapters/6076f93c3159173440e2f3f6/lessons HTTP/1.1" 304 - "-" "okhttp/3.14.9"
::ffff:192.168.43.1 - - [24/Apr/2021:15:32:42 +0000] "GET /api/chapters/6076f93c3159173440e2f3f6/lessons HTTP/1.1" 304 - "-" "okhttp/3.14.9"
::ffff:192.168.43.1 - - [24/Apr/2021:15:32:42 +0000] "GET /api/chapters/6076f93c3159173440e2f3f6/lessons HTTP/1.1" 304 - "-" "okhttp/3.14.9"
::ffff:192.168.43.1 - - [24/Apr/2021:15:32:43 +0000] "GET /api/chapters/6076f93c3159173440e2f3f6/lessons HTTP/1.1" 304 - "-" "okhttp/3.14.9"
::ffff:192.168.43.1 - - [24/Apr/2021:15:32:43 +0000] "GET /api/chapters/6076f93c3159173440e2f3f6/lessons HTTP/1.1" 304 - "-" "okhttp/3.14.9"
::ffff:192.168.43.1 - - [24/Apr/2021:15:32:43 +0000] "GET /api/chapters/6076f93c3159173440e2f3f6/lessons HTTP/1.1" 304 - "-" "okhttp/3.14.9"
::ffff:192.168.43.1 - - [24/Apr/2021:15:32:44 +0000] "GET /api/chapters/6076f93c3159173440e2f3f6/lessons HTTP/1.1" 304 - "-" "okhttp/3.14.9"
::ffff:192.168.43.1 - - [24/Apr/2021:15:32:44 +0000] "GET /api/chapters/6076f93c3159173440e2f3f6/lessons HTTP/1.1" 304 - "-" "okhttp/3.14.9"
::ffff:192.168.43.1 - - [24/Apr/2021:15:32:44 +0000] "GET /api/chapters/6076f93c3159173440e2f3f6/lessons HTTP/1.1" 304 - "-" "okhttp/3.14.9"
::ffff:192.168.43.1 - - [24/Apr/2021:15:32:44 +0000] "GET /api/chapters/6076f93c3159173440e2f3f6/lessons HTTP/1.1" 304 - "-" "okhttp/3.14.9"
::ffff:192.168.43.1 - - [24/Apr/2021:15:32:45 +0000] "GET /api/chapters/6076f93c3159173440e2f3f6/lessons HTTP/1.1" 304 - "-" "okhttp/3.14.9"
::ffff:192.168.43.1 - - [24/Apr/2021:15:32:45 +0000] "GET /api/chapters/6076f93c3159173440e2f3f6/lessons HTTP/1.1" 304 - "-" "okhttp/3.14.9"
::ffff:192.168.43.1 - - [24/Apr/2021:15:32:45 +0000] "GET /api/chapters/6076f93c3159173440e2f3f6/lessons HTTP/1.1" 304 - "-" "okhttp/3.14.9"
::ffff:192.168.43.1 - - [24/Apr/2021:15:32:46 +0000] "GET /api/chapters/6076f93c3159173440e2f3f6/lessons HTTP/1.1" 304 - "-" "okhttp/3.14.9"
::ffff:192.168.43.1 - - [24/Apr/2021:15:32:46 +0000] "GET /api/chapters/6076f93c3159173440e2f3f6/lessons HTTP/1.1" 304 - "-" "okhttp/3.14.9"
::ffff:192.168.43.1 - - [24/Apr/2021:15:32:46 +0000] "GET /api/chapters/6076f93c3159173440e2f3f6/lessons HTTP/1.1" 304 - "-" "okhttp/3.14.9"
::ffff:192.168.43.1 - - [24/Apr/2021:15:32:47 +0000] "GET /api/chapters/6076f93c3159173440e2f3f6/lessons HTTP/1.1" 304 - "-" "okhttp/3.14.9"
::ffff:192.168.43.1 - - [24/Apr/2021:15:32:47 +0000] "GET /api/chapters/6076f93c3159173440e2f3f6/lessons HTTP/1.1" 304 - "-" "okhttp/3.14.9"
::ffff:192.168.43.1 - - [24/Apr/2021:15:32:47 +0000] "GET /api/chapters/6076f93c3159173440e2f3f6/lessons HTTP/1.1" 304 - "-" "okhttp/3.14.9"
::ffff:192.168.43.1 - - [24/Apr/2021:15:32:47 +0000] "GET /api/chapters/6076f93c3159173440e2f3f6/lessons HTTP/1.1" 304 - "-" "okhttp/3.14.9"
::ffff:192.168.43.1 - - [24/Apr/2021:15:32:48 +0000] "GET /api/chapters/6076f93c3159173440e2f3f6/lessons HTTP/1.1" 304 - "-" "okhttp/3.14.9"
::ffff:192.168.43.1 - - [24/Apr/2021:15:32:48 +0000] "GET /api/chapters/6076f93c3159173440e2f3f6/lessons HTTP/1.1" 304 - "-" "okhttp/3.14.9"
::ffff:192.168.43.1 - - [24/Apr/2021:15:32:48 +0000] "GET /api/chapters/6076f93c3159173440e2f3f6/lessons HTTP/1.1" 304 - "-" "okhttp/3.14.9"
::ffff:192.168.43.1 - - [24/Apr/2021:15:32:48 +0000] "GET /api/chapters/6076f93c3159173440e2f3f6/lessons HTTP/1.1" 304 - "-" "okhttp/3.14.9"
::ffff:192.168.43.1 - - [24/Apr/2021:15:32:49 +0000] "GET /api/chapters/6076f93c3159173440e2f3f6/lessons HTTP/1.1" 304 - "-" "okhttp/3.14.9"
::ffff:192.168.43.1 - - [24/Apr/2021:15:32:49 +0000] "GET /api/chapters/6076f93c3159173440e2f3f6/lessons HTTP/1.1" 304 - "-" "okhttp/3.14.9"
::ffff:192.168.43.1 - - [24/Apr/2021:15:32:49 +0000] "GET /api/chapters/6076f93c3159173440e2f3f6/lessons HTTP/1.1" 304 - "-" "okhttp/3.14.9"
::ffff:192.168.43.1 - - [24/Apr/2021:15:32:50 +0000] "GET /api/chapters/6076f93c3159173440e2f3f6/lessons HTTP/1.1" 304 - "-" "okhttp/3.14.9"
::ffff:192.168.43.1 - - [24/Apr/2021:15:32:50 +0000] "GET /api/chapters/6076f93c3159173440e2f3f6/lessons HTTP/1.1" 304 - "-" "okhttp/3.14.9"
::ffff:192.168.43.1 - - [24/Apr/2021:15:32:50 +0000] "GET /api/chapters/6076f93c3159173440e2f3f6/lessons HTTP/1.1" 304 - "-" "okhttp/3.14.9"
::ffff:192.168.43.1 - - [24/Apr/2021:15:32:50 +0000] "GET /api/chapters/6076f93c3159173440e2f3f6/lessons HTTP/1.1" 304 - "-" "okhttp/3.14.9"
::ffff:192.168.43.1 - - [24/Apr/2021:15:32:51 +0000] "GET /api/chapters/6076f93c3159173440e2f3f6/lessons HTTP/1.1" 304 - "-" "okhttp/3.14.9"
::ffff:192.168.43.1 - - [24/Apr/2021:15:32:51 +0000] "GET /api/chapters/6076f93c3159173440e2f3f6/lessons HTTP/1.1" 304 - "-" "okhttp/3.14.9"
::ffff:192.168.43.1 - - [24/Apr/2021:15:32:51 +0000] "GET /api/chapters/6076f93c3159173440e2f3f6/lessons HTTP/1.1" 304 - "-" "okhttp/3.14.9"
::ffff:192.168.43.1 - - [24/Apr/2021:15:32:52 +0000] "GET /api/chapters/6076f93c3159173440e2f3f6/lessons HTTP/1.1" 304 - "-" "okhttp/3.14.9"
::ffff:192.168.43.1 - - [24/Apr/2021:15:32:52 +0000] "GET /api/chapters/6076f93c3159173440e2f3f6/lessons HTTP/1.1" 304 - "-" "okhttp/3.14.9"
::ffff:192.168.43.1 - - [24/Apr/2021:15:32:52 +0000] "GET /api/chapters/6076f93c3159173440e2f3f6/lessons HTTP/1.1" 304 - "-" "okhttp/3.14.9"
::ffff:192.168.43.1 - - [24/Apr/2021:15:32:52 +0000] "GET /api/chapters/6076f93c3159173440e2f3f6/lessons HTTP/1.1" 304 - "-" "okhttp/3.14.9"
::ffff:192.168.43.1 - - [24/Apr/2021:15:32:53 +0000] "GET /api/chapters/6076f93c3159173440e2f3f6/lessons HTTP/1.1" 304 - "-" "okhttp/3.14.9"
::ffff:192.168.43.1 - - [24/Apr/2021:15:32:53 +0000] "GET /api/chapters/6076f93c3159173440e2f3f6/lessons HTTP/1.1" 304 - "-" "okhttp/3.14.9"
::ffff:192.168.43.1 - - [24/Apr/2021:15:32:53 +0000] "GET /api/chapters/6076f93c3159173440e2f3f6/lessons HTTP/1.1" 304 - "-" "okhttp/3.14.9"
::ffff:192.168.43.1 - - [24/Apr/2021:15:32:54 +0000] "GET /api/chapters/6076f93c3159173440e2f3f6/lessons HTTP/1.1" 304 - "-" "okhttp/3.14.9"
::ffff:192.168.43.1 - - [24/Apr/2021:15:32:54 +0000] "GET /api/chapters/6076f93c3159173440e2f3f6/lessons HTTP/1.1" 304 - "-" "okhttp/3.14.9"
::1 - - [24/Apr/2021:15:32:54 +0000] "POST /api/lessons HTTP/1.1" 200 302 "-" "PostmanRuntime/7.26.10"
::ffff:192.168.43.1 - - [24/Apr/2021:15:32:54 +0000] "GET /api/chapters/6076f93c3159173440e2f3f6/lessons HTTP/1.1" 200 2292 "-" "okhttp/3.14.9"
::ffff:192.168.43.1 - - [24/Apr/2021:15:32:54 +0000] "GET /api/chapters/6076f93c3159173440e2f3f6/lessons HTTP/1.1" 304 - "-" "okhttp/3.14.9"
::ffff:192.168.43.1 - - [24/Apr/2021:15:32:55 +0000] "GET /api/chapters/6076f93c3159173440e2f3f6/lessons HTTP/1.1" 304 - "-" "okhttp/3.14.9"
::ffff:192.168.43.1 - - [24/Apr/2021:15:32:55 +0000] "GET /api/chapters/6076f93c3159173440e2f3f6/lessons HTTP/1.1" 304 - "-" "okhttp/3.14.9"
::ffff:192.168.43.1 - - [24/Apr/2021:15:32:55 +0000] "GET /api/chapters/6076f93c3159173440e2f3f6/lessons HTTP/1.1" 304 - "-" "okhttp/3.14.9"
::ffff:192.168.43.1 - - [24/Apr/2021:15:32:56 +0000] "GET /api/chapters/6076f93c3159173440e2f3f6/lessons HTTP/1.1" 304 - "-" "okhttp/3.14.9"
::ffff:192.168.43.1 - - [24/Apr/2021:15:32:56 +0000] "GET /api/chapters/6076f93c3159173440e2f3f6/lessons HTTP/1.1" 304 - "-" "okhttp/3.14.9"
::ffff:192.168.43.1 - - [24/Apr/2021:15:32:56 +0000] "GET /api/chapters/6076f93c3159173440e2f3f6/lessons HTTP/1.1" 304 - "-" "okhttp/3.14.9"
::ffff:192.168.43.1 - - [24/Apr/2021:15:32:56 +0000] "GET /api/chapters/6076f93c3159173440e2f3f6/lessons HTTP/1.1" 304 - "-" "okhttp/3.14.9"
::ffff:192.168.43.1 - - [24/Apr/2021:15:32:57 +0000] "GET /api/chapters/6076f93c3159173440e2f3f6/lessons HTTP/1.1" 304 - "-" "okhttp/3.14.9"
::ffff:192.168.43.1 - - [24/Apr/2021:15:32:57 +0000] "GET /api/chapters/6076f93c3159173440e2f3f6/lessons HTTP/1.1" 304 - "-" "okhttp/3.14.9"
::ffff:192.168.43.1 - - [24/Apr/2021:15:32:57 +0000] "GET /api/chapters/6076f93c3159173440e2f3f6/lessons HTTP/1.1" 304 - "-" "okhttp/3.14.9"
::ffff:192.168.43.1 - - [24/Apr/2021:15:32:58 +0000] "GET /api/chapters/6076f93c3159173440e2f3f6/lessons HTTP/1.1" 304 - "-" "okhttp/3.14.9"
::ffff:192.168.43.1 - - [24/Apr/2021:15:32:58 +0000] "GET /api/chapters/6076f93c3159173440e2f3f6/lessons HTTP/1.1" 304 - "-" "okhttp/3.14.9"
::ffff:192.168.43.1 - - [24/Apr/2021:15:32:58 +0000] "GET /api/chapters/6076f93c3159173440e2f3f6/lessons HTTP/1.1" 304 - "-" "okhttp/3.14.9"
::ffff:192.168.43.1 - - [24/Apr/2021:15:32:58 +0000] "GET /api/chapters/6076f93c3159173440e2f3f6/lessons HTTP/1.1" 304 - "-" "okhttp/3.14.9"
::ffff:192.168.43.1 - - [24/Apr/2021:15:32:59 +0000] "GET /api/chapters/6076f93c3159173440e2f3f6/lessons HTTP/1.1" 304 - "-" "okhttp/3.14.9"
::ffff:192.168.43.1 - - [24/Apr/2021:15:32:59 +0000] "GET /api/chapters/6076f93c3159173440e2f3f6/lessons HTTP/1.1" 304 - "-" "okhttp/3.14.9"
::ffff:192.168.43.1 - - [24/Apr/2021:15:32:59 +0000] "GET /api/chapters/6076f93c3159173440e2f3f6/lessons HTTP/1.1" 304 - "-" "okhttp/3.14.9"
::ffff:192.168.43.1 - - [24/Apr/2021:15:32:59 +0000] "GET /api/chapters/6076f93c3159173440e2f3f6/lessons HTTP/1.1" 304 - "-" "okhttp/3.14.9"
::ffff:192.168.43.1 - - [24/Apr/2021:15:33:00 +0000] "GET /api/chapters/6076f93c3159173440e2f3f6/lessons HTTP/1.1" 304 - "-" "okhttp/3.14.9"
