::ffff:192.168.43.1 - - [25/Apr/2021:17:24:19 +0000] "GET /api/chapters HTTP/1.1" 200 1244 "-" "okhttp/3.14.9"
::ffff:192.168.43.1 - - [25/Apr/2021:17:25:27 +0000] "GET /api/chapters HTTP/1.1" 304 - "-" "okhttp/3.14.9"
::ffff:192.168.43.1 - - [25/Apr/2021:17:26:27 +0000] "GET /api/chapters HTTP/1.1" 304 - "-" "okhttp/3.14.9"
::ffff:192.168.43.1 - - [25/Apr/2021:17:27:43 +0000] "GET /api/chapters/6076f6f70b3f53502c7bb2c6/lessons HTTP/1.1" 200 36 "-" "okhttp/3.14.9"
::ffff:192.168.43.1 - - [25/Apr/2021:17:28:06 +0000] "GET /api/chapters/6076f6f70b3f53502c7bb2c6/lessons HTTP/1.1" 304 - "-" "okhttp/3.14.9"
::ffff:192.168.43.1 - - [25/Apr/2021:17:28:17 +0000] "GET /api/chapters/6076f93c3159173440e2f3f6/lessons HTTP/1.1" 200 1879 "-" "okhttp/3.14.9"
::ffff:192.168.43.1 - - [25/Apr/2021:17:31:07 +0000] "GET /api/chapters/6076f93c3159173440e2f3f6/lessons HTTP/1.1" 304 - "-" "okhttp/3.14.9"
::ffff:192.168.43.1 - - [25/Apr/2021:17:31:19 +0000] "GET /api/chapters HTTP/1.1" 304 - "-" "okhttp/3.14.9"
::ffff:192.168.43.1 - - [25/Apr/2021:17:31:20 +0000] "GET /api/chapters/6076f93c3159173440e2f3f6/lessons HTTP/1.1" 304 - "-" "okhttp/3.14.9"
::ffff:192.168.43.1 - - [25/Apr/2021:17:31:25 +0000] "GET /api/chapters/6076f93c3159173440e2f3f6/lessons HTTP/1.1" 304 - "-" "okhttp/3.14.9"
::ffff:192.168.43.119 - - [26/Apr/2021:02:49:13 +0000] "GET /api/chapters/6076f93c3159173440e2f3f6/lessons HTTP/1.1" 304 - "-" "okhttp/3.12.1"
::ffff:192.168.43.119 - - [26/Apr/2021:02:49:15 +0000] "GET /api/chapters/6076f6f70b3f53502c7bb2c6/lessons HTTP/1.1" 200 36 "-" "okhttp/3.12.1"
::ffff:192.168.43.1 - - [26/Apr/2021:02:50:37 +0000] "GET /api/chapters HTTP/1.1" 304 - "-" "okhttp/3.14.9"
::ffff:192.168.43.119 - - [26/Apr/2021:02:50:59 +0000] "GET /api/chapters HTTP/1.1" 304 - "-" "okhttp/3.12.1"
::ffff:192.168.43.119 - - [26/Apr/2021:02:51:11 +0000] "GET /api/chapters/6076f93c3159173440e2f3f6/lessons HTTP/1.1" 304 - "-" "okhttp/3.12.1"
::ffff:192.168.43.119 - - [26/Apr/2021:02:51:47 +0000] "GET /api/chapters HTTP/1.1" 304 - "-" "okhttp/3.12.1"
::ffff:192.168.43.119 - - [26/Apr/2021:02:51:52 +0000] "GET /api/chapters HTTP/1.1" 304 - "-" "okhttp/3.12.1"
::ffff:192.168.43.119 - - [26/Apr/2021:02:53:16 +0000] "GET /api/chapters/6081cd3cc75fd22624345f13/lessons HTTP/1.1" 200 36 "-" "okhttp/3.12.1"
::ffff:192.168.43.119 - - [26/Apr/2021:02:53:22 +0000] "GET /api/chapters/6076f93c3159173440e2f3f6/lessons HTTP/1.1" 304 - "-" "okhttp/3.12.1"
::ffff:192.168.43.119 - - [26/Apr/2021:03:01:40 +0000] "GET /api/chapters HTTP/1.1" 304 - "-" "okhttp/3.12.1"
::ffff:192.168.43.119 - - [26/Apr/2021:03:52:13 +0000] "GET /api/chapters/6076f93c3159173440e2f3f6/lessons HTTP/1.1" 304 - "-" "okhttp/3.12.1"
::ffff:192.168.43.119 - - [26/Apr/2021:04:02:56 +0000] "GET /api/chapters HTTP/1.1" 304 - "-" "okhttp/3.12.1"
::ffff:192.168.43.119 - - [26/Apr/2021:04:03:03 +0000] "GET /api/chapters/6076f93c3159173440e2f3f6/lessons HTTP/1.1" 304 - "-" "okhttp/3.12.1"
::ffff:192.168.43.119 - - [26/Apr/2021:04:04:00 +0000] "GET /api/users/logout HTTP/1.1" 304 - "-" "okhttp/3.12.1"
::ffff:192.168.43.119 - - [26/Apr/2021:04:04:13 +0000] "POST /api/users/login HTTP/1.1" 200 437 "-" "okhttp/3.12.1"
::ffff:192.168.43.119 - - [26/Apr/2021:04:04:23 +0000] "GET /api/chapters/6076f93c3159173440e2f3f6/lessons HTTP/1.1" 304 - "-" "okhttp/3.12.1"
::1 - - [26/Apr/2021:04:05:58 +0000] "GET /api/chapters HTTP/1.1" 200 1244 "-" "PostmanRuntime/7.26.10"
::1 - - [26/Apr/2021:04:06:07 +0000] "GET /api/chapters HTTP/1.1" 200 1244 "-" "PostmanRuntime/7.26.10"
::ffff:192.168.0.114 - - [26/Apr/2021:05:16:12 +0000] "GET /api/chapters HTTP/1.1" 200 1244 "-" "okhttp/3.12.1"
::ffff:192.168.0.114 - - [26/Apr/2021:05:16:13 +0000] "GET /uploads/chapters/photo_6076f93c3159173440e2f3f6.jpg HTTP/1.1" 200 165439 "-" "okhttp/3.12.1"
::ffff:192.168.0.114 - - [26/Apr/2021:05:16:14 +0000] "GET /uploads/chapters/photo_6076f6f70b3f53502c7bb2c6.png HTTP/1.1" 200 459034 "-" "okhttp/3.12.1"
::ffff:192.168.0.114 - - [26/Apr/2021:05:17:00 +0000] "GET /api/chapters HTTP/1.1" 304 - "-" "okhttp/3.12.1"
::ffff:192.168.0.114 - - [26/Apr/2021:05:17:01 +0000] "GET /uploads/chapters/photo_6076f6f70b3f53502c7bb2c6.png HTTP/1.1" 200 459034 "-" "okhttp/3.12.1"
::1 - - [26/Apr/2021:05:17:35 +0000] "GET /api/chapters HTTP/1.1" 200 1244 "-" "PostmanRuntime/7.26.10"
::ffff:192.168.0.114 - - [26/Apr/2021:05:25:05 +0000] "GET /uploads/chapters/photo_6081cd3cc75fd22624345f13.jpg HTTP/1.1" 200 235459 "-" "okhttp/3.12.1"
::1 - - [26/Apr/2021:05:36:42 +0000] "GET /api/chapters HTTP/1.1" 200 1244 "-" "PostmanRuntime/7.26.10"
::1 - - [26/Apr/2021:05:37:12 +0000] "GET /api/chapters/6076f93c3159173440e2f3f6 HTTP/1.1" 200 2212 "-" "PostmanRuntime/7.26.10"
::1 - - [26/Apr/2021:05:37:18 +0000] "GET /api/chapters/6076f93c3159173440e2f3f6/lessons HTTP/1.1" 200 1879 "-" "PostmanRuntime/7.26.10"
::1 - - [26/Apr/2021:05:37:50 +0000] "GET /api/quizs HTTP/1.1" 200 882 "-" "PostmanRuntime/7.26.10"
::1 - - [26/Apr/2021:05:37:59 +0000] "GET /api/questions HTTP/1.1" 200 464 "-" "PostmanRuntime/7.26.10"
::ffff:192.168.0.114 - - [26/Apr/2021:05:38:49 +0000] "GET /api/chapters/6076f93c3159173440e2f3f6/lessons HTTP/1.1" 200 1879 "-" "okhttp/3.12.1"
::ffff:192.168.0.114 - - [26/Apr/2021:05:39:01 +0000] "DELETE /api/lessons/1176f93c3159173440e2f3f6 HTTP/1.1" 401 184 "-" "okhttp/3.12.1"
::ffff:192.168.0.114 - - [26/Apr/2021:05:39:06 +0000] "GET /api/users/logout HTTP/1.1" 200 42 "-" "okhttp/3.12.1"
::ffff:192.168.0.114 - - [26/Apr/2021:05:39:14 +0000] "POST /api/users/login HTTP/1.1" 200 437 "-" "okhttp/3.12.1"
::ffff:192.168.0.114 - - [26/Apr/2021:05:39:17 +0000] "GET /api/chapters/6076f93c3159173440e2f3f6/lessons HTTP/1.1" 304 - "-" "okhttp/3.12.1"
::ffff:192.168.0.114 - - [26/Apr/2021:05:39:21 +0000] "DELETE /api/lessons/1376f93c3159173440e2f3f6 HTTP/1.1" 200 491 "-" "okhttp/3.12.1"
::ffff:192.168.0.114 - - [26/Apr/2021:05:39:22 +0000] "GET /api/chapters/6076f93c3159173440e2f3f6/lessons HTTP/1.1" 200 1452 "-" "okhttp/3.12.1"
::ffff:192.168.0.114 - - [26/Apr/2021:05:39:22 +0000] "GET /api/chapters/6076f93c3159173440e2f3f6/lessons HTTP/1.1" 304 - "-" "okhttp/3.12.1"
::1 - - [26/Apr/2021:05:39:37 +0000] "GET /api/lessons HTTP/1.1" 200 1732 "-" "PostmanRuntime/7.26.10"
::ffff:192.168.0.114 - - [26/Apr/2021:05:39:50 +0000] "POST /api/lessons HTTP/1.1" 200 313 "-" "okhttp/3.12.1"
::ffff:192.168.0.114 - - [26/Apr/2021:05:39:51 +0000] "GET /api/chapters/6076f93c3159173440e2f3f6/lessons HTTP/1.1" 200 1742 "-" "okhttp/3.12.1"
::ffff:192.168.0.114 - - [26/Apr/2021:05:39:52 +0000] "GET /api/chapters/6076f93c3159173440e2f3f6/lessons HTTP/1.1" 304 - "-" "okhttp/3.12.1"
::1 - - [26/Apr/2021:05:39:55 +0000] "GET /api/lessons HTTP/1.1" 200 2092 "-" "PostmanRuntime/7.26.10"
::ffff:192.168.0.114 - - [26/Apr/2021:05:40:16 +0000] "GET /api/chapters/6076f93c3159173440e2f3f6/lessons HTTP/1.1" 304 - "-" "okhttp/3.12.1"
::ffff:192.168.0.114 - - [26/Apr/2021:05:40:53 +0000] "GET /api/users/logout HTTP/1.1" 304 - "-" "okhttp/3.12.1"
::ffff:192.168.0.114 - - [26/Apr/2021:05:40:58 +0000] "GET /api/chapters/6076f93c3159173440e2f3f6/lessons HTTP/1.1" 304 - "-" "okhttp/3.12.1"
::ffff:192.168.43.119 - - [28/Apr/2021:14:05:27 +0000] "POST /api/users/login HTTP/1.1" 200 437 "-" "okhttp/3.12.1"
::ffff:192.168.43.119 - - [28/Apr/2021:14:05:50 +0000] "GET /api/chapters HTTP/1.1" 304 - "-" "okhttp/3.12.1"
::ffff:192.168.43.119 - - [28/Apr/2021:14:05:51 +0000] "GET /api/chapters HTTP/1.1" 304 - "-" "okhttp/3.12.1"
::ffff:192.168.43.119 - - [28/Apr/2021:14:07:42 +0000] "GET /api/chapters HTTP/1.1" 304 - "-" "okhttp/3.12.1"
::ffff:192.168.43.119 - - [28/Apr/2021:14:07:53 +0000] "GET /api/chapters HTTP/1.1" 304 - "-" "okhttp/3.12.1"
::ffff:192.168.43.119 - - [28/Apr/2021:14:08:06 +0000] "GET /api/chapters/6076f93c3159173440e2f3f6/lessons HTTP/1.1" 200 1742 "-" "okhttp/3.12.1"
::ffff:192.168.43.119 - - [28/Apr/2021:14:08:12 +0000] "DELETE /api/lessons/1176f93c3159173440e2f3f6 HTTP/1.1" 200 491 "-" "okhttp/3.12.1"
::ffff:192.168.43.119 - - [28/Apr/2021:14:08:13 +0000] "GET /api/chapters/6076f93c3159173440e2f3f6/lessons HTTP/1.1" 200 1315 "-" "okhttp/3.12.1"
::ffff:192.168.43.119 - - [28/Apr/2021:14:08:13 +0000] "GET /api/chapters/6076f93c3159173440e2f3f6/lessons HTTP/1.1" 304 - "-" "okhttp/3.12.1"
::ffff:192.168.43.119 - - [28/Apr/2021:14:08:34 +0000] "GET /api/chapters/6076f93c3159173440e2f3f6/lessons HTTP/1.1" 304 - "-" "okhttp/3.12.1"
::ffff:192.168.43.119 - - [28/Apr/2021:14:08:34 +0000] "GET /api/chapters HTTP/1.1" 304 - "-" "okhttp/3.12.1"
::ffff:192.168.43.119 - - [28/Apr/2021:14:09:21 +0000] "GET /api/chapters HTTP/1.1" 304 - "-" "okhttp/3.12.1"
::ffff:192.168.43.119 - - [28/Apr/2021:14:09:46 +0000] "GET /api/chapters HTTP/1.1" 304 - "-" "okhttp/3.12.1"
::1 - - [28/Apr/2021:14:21:18 +0000] "GET /api/quizs HTTP/1.1" 200 882 "-" "PostmanRuntime/7.26.10"
::1 - - [28/Apr/2021:14:21:38 +0000] "GET /api/quizs/607e5d05b82c121018c884ce/questions HTTP/1.1" 200 393 "-" "PostmanRuntime/7.26.10"
::1 - - [28/Apr/2021:14:31:40 +0000] "GET /api/questions HTTP/1.1" 200 464 "-" "PostmanRuntime/7.26.10"
::1 - - [28/Apr/2021:14:31:46 +0000] "GET /api/quizs HTTP/1.1" 200 882 "-" "PostmanRuntime/7.26.10"
::1 - - [28/Apr/2021:14:31:49 +0000] "GET /api/lessons HTTP/1.1" 200 1595 "-" "PostmanRuntime/7.26.10"
::ffff:192.168.43.119 - - [28/Apr/2021:14:43:48 +0000] "GET /api/chapters HTTP/1.1" 304 - "-" "okhttp/3.12.1"
::ffff:192.168.43.119 - - [28/Apr/2021:15:19:32 +0000] "GET /api/chapters HTTP/1.1" 304 - "-" "okhttp/3.12.1"
::1 - - [28/Apr/2021:15:22:12 +0000] "GET /api/quizs HTTP/1.1" 200 882 "-" "PostmanRuntime/7.26.10"
::1 - - [28/Apr/2021:15:22:40 +0000] "GET /api/quizs HTTP/1.1" 200 882 "-" "PostmanRuntime/7.26.10"
::ffff:192.168.43.119 - - [28/Apr/2021:15:31:18 +0000] "GET /api/quizs HTTP/1.1" 200 882 "-" "okhttp/3.12.1"
::ffff:192.168.43.119 - - [28/Apr/2021:15:31:25 +0000] "GET /api/quizs HTTP/1.1" 304 - "-" "okhttp/3.12.1"
::ffff:192.168.43.119 - - [28/Apr/2021:15:31:28 +0000] "GET /api/quizs HTTP/1.1" 304 - "-" "okhttp/3.12.1"
::ffff:192.168.43.119 - - [28/Apr/2021:15:31:35 +0000] "GET /api/quizs HTTP/1.1" 304 - "-" "okhttp/3.12.1"
::ffff:192.168.43.119 - - [28/Apr/2021:15:31:36 +0000] "GET /api/quizs HTTP/1.1" 304 - "-" "okhttp/3.12.1"
::ffff:192.168.43.119 - - [28/Apr/2021:15:32:46 +0000] "GET /api/quizs HTTP/1.1" 304 - "-" "okhttp/3.12.1"
::ffff:192.168.43.119 - - [28/Apr/2021:15:32:51 +0000] "GET /api/quizs HTTP/1.1" 304 - "-" "okhttp/3.12.1"
::ffff:192.168.43.119 - - [28/Apr/2021:15:32:57 +0000] "GET /api/quizs HTTP/1.1" 304 - "-" "okhttp/3.12.1"
::ffff:192.168.43.119 - - [28/Apr/2021:15:33:07 +0000] "GET /api/quizs HTTP/1.1" 304 - "-" "okhttp/3.12.1"
::ffff:192.168.43.119 - - [28/Apr/2021:15:34:09 +0000] "GET /api/quizs HTTP/1.1" 304 - "-" "okhttp/3.12.1"
::ffff:192.168.43.119 - - [28/Apr/2021:15:35:21 +0000] "GET /api/quizs HTTP/1.1" 304 - "-" "okhttp/3.12.1"
::ffff:192.168.43.119 - - [28/Apr/2021:15:35:28 +0000] "GET /api/quizs HTTP/1.1" 304 - "-" "okhttp/3.12.1"
::ffff:192.168.43.119 - - [28/Apr/2021:15:35:33 +0000] "GET /api/quizs HTTP/1.1" 304 - "-" "okhttp/3.12.1"
::ffff:192.168.43.119 - - [28/Apr/2021:15:35:38 +0000] "GET /api/quizs HTTP/1.1" 304 - "-" "okhttp/3.12.1"
::ffff:192.168.43.119 - - [28/Apr/2021:15:35:47 +0000] "GET /api/quizs HTTP/1.1" 304 - "-" "okhttp/3.12.1"
::ffff:192.168.43.119 - - [28/Apr/2021:15:36:09 +0000] "GET /api/quizs HTTP/1.1" 304 - "-" "okhttp/3.12.1"
::ffff:192.168.43.119 - - [28/Apr/2021:15:36:14 +0000] "GET /api/quizs HTTP/1.1" 304 - "-" "okhttp/3.12.1"
::ffff:192.168.43.119 - - [28/Apr/2021:15:36:44 +0000] "GET /api/quizs HTTP/1.1" 304 - "-" "okhttp/3.12.1"
::ffff:192.168.43.119 - - [28/Apr/2021:15:37:26 +0000] "GET /api/quizs HTTP/1.1" 304 - "-" "okhttp/3.12.1"
::ffff:192.168.43.119 - - [28/Apr/2021:15:37:40 +0000] "GET /api/quizs HTTP/1.1" 304 - "-" "okhttp/3.12.1"
::ffff:192.168.43.119 - - [28/Apr/2021:15:38:48 +0000] "GET /api/quizs HTTP/1.1" 304 - "-" "okhttp/3.12.1"
::ffff:192.168.43.119 - - [28/Apr/2021:15:38:55 +0000] "GET /api/quizs HTTP/1.1" 304 - "-" "okhttp/3.12.1"
::ffff:192.168.43.119 - - [28/Apr/2021:15:39:44 +0000] "GET /api/quizs HTTP/1.1" 304 - "-" "okhttp/3.12.1"
::ffff:192.168.43.119 - - [28/Apr/2021:15:39:52 +0000] "GET /api/quizs HTTP/1.1" 304 - "-" "okhttp/3.12.1"
::ffff:192.168.43.119 - - [28/Apr/2021:15:40:03 +0000] "GET /api/quizs HTTP/1.1" 304 - "-" "okhttp/3.12.1"
::ffff:192.168.43.119 - - [28/Apr/2021:15:40:23 +0000] "GET /api/quizs HTTP/1.1" 304 - "-" "okhttp/3.12.1"
::ffff:192.168.43.119 - - [28/Apr/2021:15:41:28 +0000] "GET /api/chapters HTTP/1.1" 200 1244 "-" "PostmanRuntime/7.26.10"
::ffff:192.168.43.119 - - [28/Apr/2021:15:41:42 +0000] "GET /api/quizs HTTP/1.1" 304 - "-" "okhttp/3.12.1"
::ffff:192.168.43.119 - - [28/Apr/2021:15:41:50 +0000] "GET /api/quizs HTTP/1.1" 304 - "-" "okhttp/3.12.1"
::ffff:192.168.43.119 - - [28/Apr/2021:15:42:34 +0000] "GET /api/quizs HTTP/1.1" 304 - "-" "okhttp/3.12.1"
::ffff:192.168.43.119 - - [28/Apr/2021:15:42:46 +0000] "GET /api/quizs HTTP/1.1" 304 - "-" "okhttp/3.12.1"
::ffff:192.168.43.119 - - [28/Apr/2021:15:43:00 +0000] "GET /api/quizs HTTP/1.1" 304 - "-" "okhttp/3.12.1"
::ffff:192.168.43.119 - - [28/Apr/2021:15:43:07 +0000] "GET /api/chapters HTTP/1.1" 304 - "-" "okhttp/3.12.1"
::ffff:192.168.43.119 - - [28/Apr/2021:15:43:55 +0000] "GET /api/quizs HTTP/1.1" 304 - "-" "okhttp/3.12.1"
::ffff:192.168.43.119 - - [28/Apr/2021:15:44:25 +0000] "GET /api/quizs HTTP/1.1" 304 - "-" "okhttp/3.12.1"
::ffff:192.168.43.119 - - [28/Apr/2021:15:45:21 +0000] "GET /api/quizs HTTP/1.1" 304 - "-" "okhttp/3.12.1"
::ffff:192.168.43.119 - - [28/Apr/2021:15:45:21 +0000] "GET /api/quizs HTTP/1.1" 304 - "-" "okhttp/3.12.1"
::ffff:192.168.43.119 - - [28/Apr/2021:15:46:40 +0000] "GET /api/quizs HTTP/1.1" 304 - "-" "okhttp/3.12.1"
::ffff:192.168.43.119 - - [28/Apr/2021:15:47:09 +0000] "GET /api/quizs HTTP/1.1" 304 - "-" "okhttp/3.12.1"
::ffff:192.168.43.119 - - [28/Apr/2021:15:47:28 +0000] "GET /api/quizs HTTP/1.1" 304 - "-" "okhttp/3.12.1"
