::ffff:192.168.8.3 - - [29/Apr/2021:16:08:48 +0000] "GET /api/chapters HTTP/1.1" 200 1244 "-" "okhttp/3.12.1"
::ffff:192.168.8.3 - - [29/Apr/2021:16:08:48 +0000] "GET /uploads/chapters/photo_6076f93c3159173440e2f3f6.jpg HTTP/1.1" 200 165439 "-" "Dalvik/2.1.0 (Linux; U; Android 11; sdk_gphone_x86 Build/RSR1.200819.001.A1)"
::ffff:192.168.8.3 - - [29/Apr/2021:16:08:48 +0000] "GET /uploads/chapters/photo_6076f6f70b3f53502c7bb2c6.png HTTP/1.1" 200 459034 "-" "Dalvik/2.1.0 (Linux; U; Android 11; sdk_gphone_x86 Build/RSR1.200819.001.A1)"
::ffff:192.168.8.3 - - [29/Apr/2021:16:09:16 +0000] "GET /api/chapters/6076f93c3159173440e2f3f6/lessons HTTP/1.1" 200 1025 "-" "okhttp/3.12.1"
::ffff:192.168.8.3 - - [29/Apr/2021:16:10:02 +0000] "GET /api/chapters HTTP/1.1" 304 - "-" "okhttp/3.12.1"
::ffff:192.168.8.3 - - [29/Apr/2021:16:12:58 +0000] "GET /api/chapters HTTP/1.1" 304 - "-" "okhttp/3.12.1"
::ffff:192.168.8.3 - - [29/Apr/2021:16:13:03 +0000] "GET /api/chapters HTTP/1.1" 304 - "-" "okhttp/3.12.1"
::ffff:192.168.8.3 - - [29/Apr/2021:16:15:38 +0000] "GET /api/chapters HTTP/1.1" 304 - "-" "okhttp/3.12.1"
::ffff:192.168.8.3 - - [29/Apr/2021:16:16:05 +0000] "GET /api/chapters HTTP/1.1" 304 - "-" "okhttp/3.12.1"
::ffff:192.168.8.3 - - [29/Apr/2021:16:16:32 +0000] "GET /api/chapters HTTP/1.1" 304 - "-" "okhttp/3.12.1"
::ffff:192.168.8.3 - - [29/Apr/2021:16:16:42 +0000] "GET /api/chapters HTTP/1.1" 304 - "-" "okhttp/3.12.1"
::ffff:192.168.8.3 - - [29/Apr/2021:16:16:57 +0000] "GET /uploads/chapters/photo_6081cd3cc75fd22624345f13.jpg HTTP/1.1" 200 235459 "-" "Dalvik/2.1.0 (Linux; U; Android 11; sdk_gphone_x86 Build/RSR1.200819.001.A1)"
::ffff:192.168.8.3 - - [29/Apr/2021:16:17:22 +0000] "GET /api/quizs HTTP/1.1" 200 882 "-" "okhttp/3.12.1"
::ffff:192.168.8.3 - - [29/Apr/2021:16:17:25 +0000] "GET /api/chapters/6076f93c3159173440e2f3f6/lessons HTTP/1.1" 304 - "-" "okhttp/3.12.1"
::ffff:192.168.8.3 - - [29/Apr/2021:16:17:57 +0000] "GET /api/chapters/6076f93c3159173440e2f3f6/lessons HTTP/1.1" 304 - "-" "okhttp/3.12.1"
::ffff:192.168.8.3 - - [29/Apr/2021:16:18:02 +0000] "GET /api/chapters HTTP/1.1" 304 - "-" "okhttp/3.12.1"
::ffff:192.168.8.3 - - [29/Apr/2021:16:23:10 +0000] "GET /api/chapters HTTP/1.1" 304 - "-" "okhttp/3.12.1"
::ffff:192.168.8.3 - - [29/Apr/2021:16:24:19 +0000] "GET /api/chapters/6076f93c3159173440e2f3f6/lessons HTTP/1.1" 304 - "-" "okhttp/3.12.1"
::ffff:192.168.8.3 - - [29/Apr/2021:16:24:24 +0000] "GET /api/chapters/6076f93c3159173440e2f3f6/lessons HTTP/1.1" 304 - "-" "okhttp/3.12.1"
::ffff:192.168.8.3 - - [29/Apr/2021:16:24:30 +0000] "GET /api/chapters HTTP/1.1" 304 - "-" "okhttp/3.12.1"
::ffff:192.168.8.3 - - [29/Apr/2021:16:25:36 +0000] "GET /api/chapters HTTP/1.1" 304 - "-" "okhttp/3.12.1"
::ffff:192.168.8.3 - - [29/Apr/2021:16:26:09 +0000] "GET /api/chapters/6076f93c3159173440e2f3f6/lessons HTTP/1.1" 304 - "-" "okhttp/3.12.1"
::ffff:192.168.8.3 - - [29/Apr/2021:16:26:14 +0000] "GET /api/chapters/6076f93c3159173440e2f3f6/lessons HTTP/1.1" 304 - "-" "okhttp/3.12.1"
::1 - - [29/Apr/2021:16:26:33 +0000] "GET /api/lessons HTTP/1.1" 200 1235 "-" "PostmanRuntime/7.28.0"
::ffff:192.168.8.3 - - [29/Apr/2021:16:27:57 +0000] "GET /api/chapters/6076f93c3159173440e2f3f6/lessons HTTP/1.1" 304 - "-" "okhttp/3.12.1"
::ffff:192.168.8.3 - - [29/Apr/2021:16:29:25 +0000] "GET /api/chapters HTTP/1.1" 304 - "-" "okhttp/3.12.1"
::ffff:192.168.8.3 - - [29/Apr/2021:16:30:23 +0000] "GET /api/chapters/6076f93c3159173440e2f3f6/lessons HTTP/1.1" 304 - "-" "okhttp/3.12.1"
::ffff:192.168.8.3 - - [29/Apr/2021:16:31:14 +0000] "GET /api/chapters/6076f93c3159173440e2f3f6/lessons HTTP/1.1" 304 - "-" "okhttp/3.12.1"
::ffff:192.168.8.3 - - [29/Apr/2021:16:32:39 +0000] "GET /api/chapters HTTP/1.1" 304 - "-" "okhttp/3.12.1"
::ffff:192.168.8.3 - - [29/Apr/2021:16:32:51 +0000] "GET /api/chapters/6076f93c3159173440e2f3f6/lessons HTTP/1.1" 304 - "-" "okhttp/3.12.1"
::ffff:192.168.8.3 - - [29/Apr/2021:16:33:22 +0000] "GET /api/chapters/6076f93c3159173440e2f3f6/lessons HTTP/1.1" 304 - "-" "okhttp/3.12.1"
::ffff:192.168.8.6 - - [29/Apr/2021:16:36:49 +0000] "GET /api/chapters HTTP/1.1" 200 1244 "-" "okhttp/3.14.9"
::ffff:192.168.8.6 - - [29/Apr/2021:16:36:49 +0000] "GET /uploads/chapters/photo_6076f93c3159173440e2f3f6.jpg HTTP/1.1" 200 165439 "-" "okhttp/3.14.9"
::ffff:192.168.8.6 - - [29/Apr/2021:16:36:50 +0000] "GET /uploads/chapters/photo_6076f6f70b3f53502c7bb2c6.png HTTP/1.1" 200 459034 "-" "okhttp/3.14.9"
::ffff:192.168.8.6 - - [29/Apr/2021:16:36:50 +0000] "GET /uploads/chapters/photo_6081cd3cc75fd22624345f13.jpg HTTP/1.1" 200 235459 "-" "okhttp/3.14.9"
::ffff:192.168.8.6 - - [29/Apr/2021:16:39:28 +0000] "GET /api/chapters/6076f93c3159173440e2f3f6/lessons HTTP/1.1" 200 1025 "-" "okhttp/3.14.9"
::ffff:192.168.8.6 - - [29/Apr/2021:16:39:44 +0000] "POST /api/users/login HTTP/1.1" 200 437 "-" "okhttp/3.14.9"
::ffff:192.168.8.6 - - [29/Apr/2021:16:39:46 +0000] "GET /api/chapters/6076f93c3159173440e2f3f6/lessons HTTP/1.1" 304 - "-" "okhttp/3.14.9"
::ffff:192.168.8.6 - - [29/Apr/2021:16:39:51 +0000] "DELETE /api/lessons/1276f93c3159173440e2f3f6 HTTP/1.1" 200 495 "-" "okhttp/3.14.9"
::ffff:192.168.8.6 - - [29/Apr/2021:16:39:52 +0000] "GET /api/chapters/6076f93c3159173440e2f3f6/lessons HTTP/1.1" 200 594 "-" "okhttp/3.14.9"
::ffff:192.168.8.6 - - [29/Apr/2021:16:39:52 +0000] "GET /api/chapters/6076f93c3159173440e2f3f6/lessons HTTP/1.1" 304 - "-" "okhttp/3.14.9"
::ffff:192.168.8.6 - - [29/Apr/2021:16:40:04 +0000] "DELETE /api/lessons/60857a4032e28e3818d6f0f4 HTTP/1.1" 200 342 "-" "okhttp/3.14.9"
::ffff:192.168.8.6 - - [29/Apr/2021:16:40:05 +0000] "GET /api/chapters/6076f93c3159173440e2f3f6/lessons HTTP/1.1" 200 316 "-" "okhttp/3.14.9"
::ffff:192.168.8.6 - - [29/Apr/2021:16:40:05 +0000] "GET /api/chapters/6076f93c3159173440e2f3f6/lessons HTTP/1.1" 304 - "-" "okhttp/3.14.9"
::ffff:192.168.8.6 - - [29/Apr/2021:16:41:01 +0000] "GET /api/chapters/6076f93c3159173440e2f3f6/lessons HTTP/1.1" 304 - "-" "okhttp/3.14.9"
::ffff:192.168.8.6 - - [29/Apr/2021:16:41:03 +0000] "GET /api/chapters/6076f93c3159173440e2f3f6/lessons HTTP/1.1" 304 - "-" "okhttp/3.14.9"
::ffff:192.168.8.6 - - [29/Apr/2021:16:41:12 +0000] "POST /api/lessons HTTP/1.1" 200 309 "-" "okhttp/3.14.9"
::ffff:192.168.8.6 - - [29/Apr/2021:16:41:12 +0000] "GET /api/chapters/6076f93c3159173440e2f3f6/lessons HTTP/1.1" 200 602 "-" "okhttp/3.14.9"
::ffff:192.168.8.6 - - [29/Apr/2021:16:41:12 +0000] "GET /api/chapters/6076f93c3159173440e2f3f6/lessons HTTP/1.1" 304 - "-" "okhttp/3.14.9"
::ffff:192.168.8.6 - - [29/Apr/2021:16:41:16 +0000] "DELETE /api/lessons/608ae1a8f57a9a3f68219577 HTTP/1.1" 200 350 "-" "okhttp/3.14.9"
::ffff:192.168.8.6 - - [29/Apr/2021:16:41:17 +0000] "GET /api/chapters/6076f93c3159173440e2f3f6/lessons HTTP/1.1" 200 316 "-" "okhttp/3.14.9"
::ffff:192.168.8.6 - - [29/Apr/2021:16:41:17 +0000] "GET /api/chapters/6076f93c3159173440e2f3f6/lessons HTTP/1.1" 304 - "-" "okhttp/3.14.9"
::ffff:192.168.8.6 - - [29/Apr/2021:16:41:36 +0000] "GET /uploads/chapters/photo_6081cd48c75fd22624345f14.jpg HTTP/1.1" 200 39327 "-" "okhttp/3.14.9"
::ffff:192.168.8.6 - - [29/Apr/2021:16:41:44 +0000] "GET /api/chapters HTTP/1.1" 304 - "-" "okhttp/3.14.9"
::ffff:192.168.8.3 - - [29/Apr/2021:16:41:44 +0000] "GET /api/chapters HTTP/1.1" 304 - "-" "okhttp/3.12.1"
::ffff:192.168.8.6 - - [29/Apr/2021:16:42:45 +0000] "GET /api/chapters HTTP/1.1" 304 - "-" "okhttp/3.14.9"
::ffff:192.168.8.3 - - [29/Apr/2021:16:42:46 +0000] "GET /api/chapters HTTP/1.1" 304 - "-" "okhttp/3.12.1"
::ffff:192.168.8.3 - - [29/Apr/2021:16:42:59 +0000] "GET /api/chapters HTTP/1.1" 304 - "-" "okhttp/3.12.1"
::ffff:192.168.8.6 - - [29/Apr/2021:16:42:59 +0000] "GET /api/chapters HTTP/1.1" 304 - "-" "okhttp/3.14.9"
::ffff:192.168.8.6 - - [29/Apr/2021:16:43:42 +0000] "GET /api/chapters HTTP/1.1" 304 - "-" "okhttp/3.14.9"
::ffff:192.168.8.3 - - [29/Apr/2021:16:43:42 +0000] "GET /api/chapters HTTP/1.1" 304 - "-" "okhttp/3.12.1"
::ffff:192.168.8.6 - - [29/Apr/2021:16:43:52 +0000] "GET /api/chapters HTTP/1.1" 304 - "-" "okhttp/3.14.9"
::ffff:192.168.8.3 - - [29/Apr/2021:16:43:52 +0000] "GET /api/chapters HTTP/1.1" 304 - "-" "okhttp/3.12.1"
::ffff:192.168.8.3 - - [29/Apr/2021:16:44:07 +0000] "GET /uploads/chapters/photo_6081cd48c75fd22624345f14.jpg HTTP/1.1" 200 39327 "-" "Dalvik/2.1.0 (Linux; U; Android 11; sdk_gphone_x86 Build/RSR1.200819.001.A1)"
::ffff:192.168.8.3 - - [29/Apr/2021:16:44:29 +0000] "GET /api/chapters HTTP/1.1" 304 - "-" "okhttp/3.12.1"
::ffff:192.168.8.6 - - [29/Apr/2021:16:44:29 +0000] "GET /api/chapters HTTP/1.1" 304 - "-" "okhttp/3.14.9"
::ffff:192.168.8.3 - - [29/Apr/2021:16:44:52 +0000] "GET /api/chapters HTTP/1.1" 304 - "-" "okhttp/3.12.1"
::ffff:192.168.8.6 - - [29/Apr/2021:16:44:52 +0000] "GET /api/chapters HTTP/1.1" 304 - "-" "okhttp/3.14.9"
::ffff:192.168.8.3 - - [29/Apr/2021:16:45:12 +0000] "GET /api/chapters HTTP/1.1" 304 - "-" "okhttp/3.12.1"
::ffff:192.168.8.6 - - [29/Apr/2021:16:45:12 +0000] "GET /api/chapters HTTP/1.1" 304 - "-" "okhttp/3.14.9"
::ffff:192.168.8.6 - - [29/Apr/2021:16:45:23 +0000] "GET /api/chapters HTTP/1.1" 304 - "-" "okhttp/3.14.9"
::ffff:192.168.8.6 - - [29/Apr/2021:16:45:23 +0000] "GET /api/chapters HTTP/1.1" 304 - "-" "okhttp/3.14.9"
::ffff:192.168.8.3 - - [29/Apr/2021:16:45:25 +0000] "GET /api/chapters HTTP/1.1" 304 - "-" "okhttp/3.12.1"
::ffff:192.168.8.6 - - [29/Apr/2021:16:45:28 +0000] "DELETE /api/chapters/6081cd48c75fd22624345f14 HTTP/1.1" 200 296 "-" "okhttp/3.14.9"
::ffff:192.168.8.3 - - [29/Apr/2021:16:45:34 +0000] "GET /api/chapters HTTP/1.1" 200 971 "-" "okhttp/3.12.1"
::ffff:192.168.8.6 - - [29/Apr/2021:16:45:34 +0000] "GET /api/chapters HTTP/1.1" 200 971 "-" "okhttp/3.14.9"
::ffff:192.168.8.6 - - [29/Apr/2021:16:46:06 +0000] "GET /api/chapters HTTP/1.1" 304 - "-" "okhttp/3.14.9"
::ffff:192.168.8.3 - - [29/Apr/2021:16:46:06 +0000] "GET /api/chapters HTTP/1.1" 304 - "-" "okhttp/3.12.1"
::ffff:192.168.8.6 - - [29/Apr/2021:16:47:14 +0000] "GET /api/chapters HTTP/1.1" 304 - "-" "okhttp/3.14.9"
::ffff:192.168.8.3 - - [29/Apr/2021:16:47:14 +0000] "GET /api/chapters HTTP/1.1" 304 - "-" "okhttp/3.12.1"
::ffff:192.168.8.6 - - [29/Apr/2021:16:48:08 +0000] "GET /api/chapters HTTP/1.1" 304 - "-" "okhttp/3.14.9"
::ffff:192.168.8.3 - - [29/Apr/2021:16:48:09 +0000] "GET /api/chapters HTTP/1.1" 304 - "-" "okhttp/3.12.1"
::ffff:192.168.8.6 - - [29/Apr/2021:16:48:20 +0000] "GET /api/chapters HTTP/1.1" 304 - "-" "okhttp/3.14.9"
::ffff:192.168.8.3 - - [29/Apr/2021:16:48:20 +0000] "GET /api/chapters HTTP/1.1" 304 - "-" "okhttp/3.12.1"
::ffff:192.168.8.6 - - [29/Apr/2021:16:48:32 +0000] "DELETE /api/chapters/6081cd3cc75fd22624345f13 HTTP/1.1" 200 337 "-" "okhttp/3.14.9"
::ffff:192.168.8.6 - - [29/Apr/2021:16:48:32 +0000] "GET /api/chapters HTTP/1.1" 304 - "-" "okhttp/3.14.9"
::ffff:192.168.8.6 - - [29/Apr/2021:16:48:33 +0000] "GET /api/chapters HTTP/1.1" 200 657 "-" "okhttp/3.14.9"
::ffff:192.168.8.6 - - [29/Apr/2021:16:48:34 +0000] "GET /api/chapters/6076f6f70b3f53502c7bb2c6/lessons HTTP/1.1" 200 36 "-" "okhttp/3.14.9"
::ffff:192.168.8.6 - - [29/Apr/2021:16:48:35 +0000] "GET /api/chapters/6076f93c3159173440e2f3f6/lessons HTTP/1.1" 304 - "-" "okhttp/3.14.9"
::ffff:192.168.8.6 - - [29/Apr/2021:16:48:37 +0000] "GET /api/chapters/6076f93c3159173440e2f3f6/lessons HTTP/1.1" 304 - "-" "okhttp/3.14.9"
::ffff:192.168.8.6 - - [29/Apr/2021:16:48:55 +0000] "GET /api/chapters HTTP/1.1" 304 - "-" "okhttp/3.14.9"
::ffff:192.168.8.3 - - [29/Apr/2021:16:48:55 +0000] "GET /api/chapters HTTP/1.1" 200 657 "-" "okhttp/3.12.1"
::ffff:192.168.8.3 - - [29/Apr/2021:16:49:05 +0000] "GET /api/chapters HTTP/1.1" 304 - "-" "okhttp/3.12.1"
::ffff:192.168.8.6 - - [29/Apr/2021:16:49:05 +0000] "GET /api/chapters HTTP/1.1" 304 - "-" "okhttp/3.14.9"
::ffff:192.168.8.6 - - [29/Apr/2021:16:49:10 +0000] "GET /api/chapters HTTP/1.1" 304 - "-" "okhttp/3.14.9"
::ffff:192.168.8.3 - - [29/Apr/2021:16:49:10 +0000] "GET /api/chapters HTTP/1.1" 304 - "-" "okhttp/3.12.1"
::ffff:192.168.8.6 - - [29/Apr/2021:16:49:13 +0000] "GET /api/chapters HTTP/1.1" 304 - "-" "okhttp/3.14.9"
::ffff:192.168.8.3 - - [29/Apr/2021:16:49:14 +0000] "GET /api/chapters HTTP/1.1" 304 - "-" "okhttp/3.12.1"
::ffff:192.168.8.6 - - [29/Apr/2021:16:49:19 +0000] "GET /api/chapters HTTP/1.1" 304 - "-" "okhttp/3.14.9"
::ffff:192.168.8.3 - - [29/Apr/2021:16:49:19 +0000] "GET /api/chapters HTTP/1.1" 304 - "-" "okhttp/3.12.1"
::ffff:192.168.8.6 - - [29/Apr/2021:16:49:24 +0000] "GET /api/chapters HTTP/1.1" 304 - "-" "okhttp/3.14.9"
::ffff:192.168.8.3 - - [29/Apr/2021:16:49:24 +0000] "GET /api/chapters HTTP/1.1" 304 - "-" "okhttp/3.12.1"
::ffff:192.168.8.3 - - [29/Apr/2021:16:49:36 +0000] "GET /api/chapters HTTP/1.1" 304 - "-" "okhttp/3.12.1"
::ffff:192.168.8.6 - - [29/Apr/2021:16:49:36 +0000] "GET /api/chapters HTTP/1.1" 304 - "-" "okhttp/3.14.9"
::ffff:192.168.8.6 - - [29/Apr/2021:16:50:02 +0000] "GET /api/chapters HTTP/1.1" 304 - "-" "okhttp/3.14.9"
::ffff:192.168.8.3 - - [29/Apr/2021:16:50:03 +0000] "GET /api/chapters HTTP/1.1" 304 - "-" "okhttp/3.12.1"
::ffff:192.168.8.6 - - [29/Apr/2021:16:50:09 +0000] "GET /api/chapters HTTP/1.1" 304 - "-" "okhttp/3.14.9"
::ffff:192.168.8.3 - - [29/Apr/2021:16:50:09 +0000] "GET /api/chapters HTTP/1.1" 304 - "-" "okhttp/3.12.1"
::ffff:192.168.8.6 - - [29/Apr/2021:16:50:19 +0000] "GET /api/chapters HTTP/1.1" 304 - "-" "okhttp/3.14.9"
::ffff:192.168.8.6 - - [29/Apr/2021:16:50:19 +0000] "GET /api/chapters HTTP/1.1" 304 - "-" "okhttp/3.14.9"
::ffff:192.168.8.3 - - [29/Apr/2021:16:50:20 +0000] "GET /api/chapters HTTP/1.1" 304 - "-" "okhttp/3.12.1"
::ffff:192.168.8.6 - - [29/Apr/2021:16:50:34 +0000] "GET /api/chapters HTTP/1.1" 304 - "-" "okhttp/3.14.9"
::ffff:192.168.8.3 - - [29/Apr/2021:16:50:35 +0000] "GET /api/chapters HTTP/1.1" 304 - "-" "okhttp/3.12.1"
::ffff:192.168.8.6 - - [29/Apr/2021:16:50:45 +0000] "GET /api/chapters/6076f6f70b3f53502c7bb2c6/lessons HTTP/1.1" 304 - "-" "okhttp/3.14.9"
::ffff:192.168.8.6 - - [29/Apr/2021:16:50:53 +0000] "GET /api/chapters/6076f93c3159173440e2f3f6/lessons HTTP/1.1" 304 - "-" "okhttp/3.14.9"
::ffff:192.168.8.6 - - [29/Apr/2021:16:50:57 +0000] "GET /api/chapters/6076f93c3159173440e2f3f6/lessons HTTP/1.1" 304 - "-" "okhttp/3.14.9"
::ffff:192.168.8.6 - - [29/Apr/2021:16:51:11 +0000] "POST /api/lessons HTTP/1.1" 200 314 "-" "okhttp/3.14.9"
::ffff:192.168.8.6 - - [29/Apr/2021:16:51:12 +0000] "GET /api/chapters/6076f93c3159173440e2f3f6/lessons HTTP/1.1" 200 607 "-" "okhttp/3.14.9"
::ffff:192.168.8.6 - - [29/Apr/2021:16:51:12 +0000] "GET /api/chapters/6076f93c3159173440e2f3f6/lessons HTTP/1.1" 304 - "-" "okhttp/3.14.9"
::ffff:192.168.8.6 - - [29/Apr/2021:16:51:16 +0000] "GET /api/chapters/6076f6f70b3f53502c7bb2c6/lessons HTTP/1.1" 304 - "-" "okhttp/3.14.9"
::ffff:192.168.8.6 - - [29/Apr/2021:16:51:19 +0000] "GET /api/chapters/6076f93c3159173440e2f3f6/lessons HTTP/1.1" 304 - "-" "okhttp/3.14.9"
::ffff:192.168.8.6 - - [29/Apr/2021:16:51:22 +0000] "DELETE /api/lessons/608ae3fff57a9a3f68219578 HTTP/1.1" 200 355 "-" "okhttp/3.14.9"
::ffff:192.168.8.6 - - [29/Apr/2021:16:51:22 +0000] "GET /api/chapters/6076f93c3159173440e2f3f6/lessons HTTP/1.1" 200 316 "-" "okhttp/3.14.9"
::ffff:192.168.8.6 - - [29/Apr/2021:16:51:22 +0000] "GET /api/chapters/6076f93c3159173440e2f3f6/lessons HTTP/1.1" 304 - "-" "okhttp/3.14.9"
::ffff:192.168.8.6 - - [29/Apr/2021:16:51:30 +0000] "GET /api/chapters/6076f6f70b3f53502c7bb2c6/lessons HTTP/1.1" 304 - "-" "okhttp/3.14.9"
::ffff:192.168.8.6 - - [29/Apr/2021:16:51:33 +0000] "GET /api/chapters/6076f93c3159173440e2f3f6/lessons HTTP/1.1" 304 - "-" "okhttp/3.14.9"
::ffff:192.168.8.6 - - [29/Apr/2021:16:51:42 +0000] "POST /api/lessons HTTP/1.1" 200 311 "-" "okhttp/3.14.9"
::ffff:192.168.8.6 - - [29/Apr/2021:16:51:42 +0000] "GET /api/chapters/6076f93c3159173440e2f3f6/lessons HTTP/1.1" 200 604 "-" "okhttp/3.14.9"
::ffff:192.168.8.6 - - [29/Apr/2021:16:51:43 +0000] "GET /api/chapters/6076f93c3159173440e2f3f6/lessons HTTP/1.1" 304 - "-" "okhttp/3.14.9"
::ffff:192.168.8.6 - - [29/Apr/2021:16:51:55 +0000] "GET /api/quizs HTTP/1.1" 200 882 "-" "okhttp/3.14.9"
::ffff:192.168.8.6 - - [29/Apr/2021:16:51:56 +0000] "GET /api/quizs/607e5d05b82c121018c884ce/questions HTTP/1.1" 200 1289 "-" "okhttp/3.14.9"
::ffff:192.168.8.6 - - [29/Apr/2021:16:52:04 +0000] "GET /api/quizs HTTP/1.1" 304 - "-" "okhttp/3.14.9"
::ffff:192.168.8.6 - - [29/Apr/2021:16:52:10 +0000] "GET /api/chapters/6076f93c3159173440e2f3f6/lessons HTTP/1.1" 304 - "-" "okhttp/3.14.9"
::ffff:192.168.8.6 - - [29/Apr/2021:16:52:17 +0000] "GET /api/chapters/6076f6f70b3f53502c7bb2c6/lessons HTTP/1.1" 304 - "-" "okhttp/3.14.9"
::ffff:192.168.8.6 - - [29/Apr/2021:16:52:47 +0000] "POST /api/chapters HTTP/1.1" 200 210 "-" "okhttp/3.14.9"
::ffff:192.168.8.6 - - [29/Apr/2021:16:52:49 +0000] "GET /api/chapters/6076f6f70b3f53502c7bb2c6/lessons HTTP/1.1" 304 - "-" "okhttp/3.14.9"
::1 - - [29/Apr/2021:16:53:07 +0000] "GET /api/chapters HTTP/1.1" 200 844 "-" "PostmanRuntime/7.28.0"
::ffff:192.168.8.6 - - [29/Apr/2021:16:54:26 +0000] "GET /api/chapters/6076f6f70b3f53502c7bb2c6/lessons HTTP/1.1" 304 - "-" "okhttp/3.14.9"
::ffff:192.168.8.6 - - [29/Apr/2021:16:54:33 +0000] "GET /api/chapters/6076f6f70b3f53502c7bb2c6/lessons HTTP/1.1" 304 - "-" "okhttp/3.14.9"
::ffff:192.168.8.6 - - [29/Apr/2021:16:55:58 +0000] "GET /api/chapters HTTP/1.1" 200 844 "-" "okhttp/3.14.9"
::ffff:192.168.8.6 - - [29/Apr/2021:16:55:58 +0000] "GET /api/chapters HTTP/1.1" 200 844 "-" "okhttp/3.14.9"
::ffff:192.168.8.6 - - [29/Apr/2021:16:55:59 +0000] "GET /uploads/chapters/photo.jpg HTTP/1.1" 404 165 "-" "okhttp/3.14.9"
::ffff:192.168.8.3 - - [29/Apr/2021:16:56:03 +0000] "GET /api/chapters HTTP/1.1" - - "-" "okhttp/3.12.1"
::ffff:192.168.8.6 - - [29/Apr/2021:16:56:05 +0000] "GET /api/chapters HTTP/1.1" 304 - "-" "okhttp/3.14.9"
::ffff:192.168.8.6 - - [29/Apr/2021:16:56:06 +0000] "GET /uploads/chapters/photo.jpg HTTP/1.1" 404 165 "-" "okhttp/3.14.9"
::ffff:192.168.8.3 - - [29/Apr/2021:16:56:12 +0000] "GET /api/chapters HTTP/1.1" 200 844 "-" "okhttp/3.12.1"
::ffff:192.168.8.6 - - [29/Apr/2021:16:57:12 +0000] "GET /api/chapters HTTP/1.1" 304 - "-" "okhttp/3.14.9"
::ffff:192.168.8.6 - - [29/Apr/2021:16:57:12 +0000] "GET /uploads/chapters/photo.jpg HTTP/1.1" 404 165 "-" "okhttp/3.14.9"
::ffff:192.168.8.3 - - [29/Apr/2021:16:57:14 +0000] "GET /api/chapters HTTP/1.1" 304 - "-" "okhttp/3.12.1"
::ffff:192.168.8.6 - - [29/Apr/2021:16:57:30 +0000] "GET /api/chapters HTTP/1.1" 304 - "-" "okhttp/3.14.9"
::ffff:192.168.8.6 - - [29/Apr/2021:16:57:30 +0000] "GET /uploads/chapters/photo.jpg HTTP/1.1" 404 165 "-" "Dalvik/2.1.0 (Linux; U; Android 9; Redmi Note 7 Pro MIUI/V11.0.10.0.PFHINXM)"
::ffff:192.168.8.6 - - [29/Apr/2021:16:57:54 +0000] "POST /api/chapters HTTP/1.1" 200 202 "-" "okhttp/3.14.9"
::ffff:192.168.8.6 - - [29/Apr/2021:16:57:54 +0000] "GET /api/chapters HTTP/1.1" 200 1023 "-" "okhttp/3.14.9"
::ffff:192.168.8.6 - - [29/Apr/2021:16:57:54 +0000] "GET /api/chapters HTTP/1.1" 304 - "-" "okhttp/3.14.9"
::ffff:192.168.8.6 - - [29/Apr/2021:16:57:58 +0000] "GET /uploads/chapters/photo.jpg HTTP/1.1" 404 165 "-" "Dalvik/2.1.0 (Linux; U; Android 9; Redmi Note 7 Pro MIUI/V11.0.10.0.PFHINXM)"
::ffff:192.168.8.6 - - [29/Apr/2021:16:58:00 +0000] "GET /uploads/chapters/photo.jpg HTTP/1.1" 404 165 "-" "Dalvik/2.1.0 (Linux; U; Android 9; Redmi Note 7 Pro MIUI/V11.0.10.0.PFHINXM)"
::ffff:192.168.8.6 - - [29/Apr/2021:16:58:02 +0000] "GET /uploads/chapters/photo.jpg HTTP/1.1" 404 165 "-" "Dalvik/2.1.0 (Linux; U; Android 9; Redmi Note 7 Pro MIUI/V11.0.10.0.PFHINXM)"
::ffff:192.168.8.6 - - [29/Apr/2021:16:58:05 +0000] "GET /uploads/chapters/photo.jpg HTTP/1.1" 404 165 "-" "Dalvik/2.1.0 (Linux; U; Android 9; Redmi Note 7 Pro MIUI/V11.0.10.0.PFHINXM)"
::ffff:192.168.8.6 - - [29/Apr/2021:16:58:08 +0000] "DELETE /api/chapters/608ae591f57a9a3f6821957b HTTP/1.1" 200 202 "-" "okhttp/3.14.9"
::ffff:192.168.8.6 - - [29/Apr/2021:16:58:08 +0000] "GET /api/chapters HTTP/1.1" 304 - "-" "okhttp/3.14.9"
::ffff:192.168.8.6 - - [29/Apr/2021:16:58:08 +0000] "GET /api/chapters HTTP/1.1" 200 844 "-" "okhttp/3.14.9"
::ffff:192.168.8.6 - - [29/Apr/2021:16:58:14 +0000] "GET /api/quizs HTTP/1.1" 304 - "-" "okhttp/3.14.9"
::ffff:192.168.8.6 - - [29/Apr/2021:16:58:15 +0000] "GET /uploads/chapters/photo.jpg HTTP/1.1" 404 165 "-" "Dalvik/2.1.0 (Linux; U; Android 9; Redmi Note 7 Pro MIUI/V11.0.10.0.PFHINXM)"
::ffff:192.168.8.6 - - [29/Apr/2021:16:58:16 +0000] "GET /api/chapters/6076f93c3159173440e2f3f6/lessons HTTP/1.1" 304 - "-" "okhttp/3.14.9"
::ffff:192.168.8.6 - - [29/Apr/2021:16:58:23 +0000] "DELETE /api/lessons/608ae41ef57a9a3f68219579 HTTP/1.1" 200 352 "-" "okhttp/3.14.9"
::ffff:192.168.8.6 - - [29/Apr/2021:16:58:23 +0000] "GET /api/chapters/6076f93c3159173440e2f3f6/lessons HTTP/1.1" 200 316 "-" "okhttp/3.14.9"
::ffff:192.168.8.6 - - [29/Apr/2021:16:58:23 +0000] "GET /api/chapters/6076f93c3159173440e2f3f6/lessons HTTP/1.1" 304 - "-" "okhttp/3.14.9"
::ffff:192.168.8.3 - - [29/Apr/2021:16:58:38 +0000] "GET /api/chapters HTTP/1.1" 304 - "-" "okhttp/3.12.1"
::ffff:192.168.43.119 - - [01/May/2021:07:23:34 +0000] "GET /api/chapters HTTP/1.1" 200 844 "-" "okhttp/3.12.1"
::ffff:192.168.43.119 - - [01/May/2021:07:23:45 +0000] "GET /api/chapters HTTP/1.1" 304 - "-" "okhttp/3.12.1"
::ffff:192.168.43.119 - - [01/May/2021:07:23:47 +0000] "GET /api/chapters HTTP/1.1" 304 - "-" "okhttp/3.12.1"
::ffff:192.168.43.119 - - [01/May/2021:07:24:03 +0000] "GET /api/chapters HTTP/1.1" 304 - "-" "okhttp/3.12.1"
::ffff:192.168.43.119 - - [01/May/2021:07:24:06 +0000] "GET /uploads/chapters/photo.jpg HTTP/1.1" 404 165 "-" "Dalvik/2.1.0 (Linux; U; Android 11; sdk_gphone_x86 Build/RSR1.200819.001.A1)"
::ffff:192.168.43.119 - - [01/May/2021:07:24:07 +0000] "GET /uploads/chapters/photo.jpg HTTP/1.1" 404 165 "-" "Dalvik/2.1.0 (Linux; U; Android 11; sdk_gphone_x86 Build/RSR1.200819.001.A1)"
::ffff:192.168.43.119 - - [01/May/2021:07:24:18 +0000] "DELETE /api/chapters/608ae45ff57a9a3f6821957a HTTP/1.1" 200 210 "-" "okhttp/3.12.1"
::ffff:192.168.43.119 - - [01/May/2021:07:24:18 +0000] "GET /api/chapters HTTP/1.1" 200 657 "-" "okhttp/3.12.1"
::ffff:192.168.43.119 - - [01/May/2021:07:24:19 +0000] "GET /api/chapters HTTP/1.1" 304 - "-" "okhttp/3.12.1"
::ffff:192.168.43.119 - - [01/May/2021:07:24:26 +0000] "GET /api/quizs HTTP/1.1" 304 - "-" "okhttp/3.12.1"
::ffff:192.168.43.119 - - [01/May/2021:07:24:37 +0000] "GET /api/chapters/6076f93c3159173440e2f3f6/lessons HTTP/1.1" 200 316 "-" "okhttp/3.12.1"
::ffff:192.168.43.119 - - [01/May/2021:07:25:06 +0000] "POST /api/lessons HTTP/1.1" 200 316 "-" "okhttp/3.12.1"
::ffff:192.168.43.119 - - [01/May/2021:07:25:07 +0000] "GET /api/chapters/6076f93c3159173440e2f3f6/lessons HTTP/1.1" 200 609 "-" "okhttp/3.12.1"
::ffff:192.168.43.119 - - [01/May/2021:07:25:08 +0000] "GET /api/chapters/6076f93c3159173440e2f3f6/lessons HTTP/1.1" 304 - "-" "okhttp/3.12.1"
::ffff:192.168.43.119 - - [01/May/2021:07:25:32 +0000] "GET /api/quizs HTTP/1.1" 304 - "-" "okhttp/3.12.1"
::ffff:192.168.43.119 - - [01/May/2021:07:26:13 +0000] "GET /api/chapters/6076f93c3159173440e2f3f6/lessons HTTP/1.1" 304 - "-" "okhttp/3.12.1"
::ffff:192.168.43.119 - - [01/May/2021:07:26:13 +0000] "GET /api/chapters/6076f6f70b3f53502c7bb2c6/lessons HTTP/1.1" 304 - "-" "okhttp/3.12.1"
::ffff:192.168.43.119 - - [01/May/2021:07:26:33 +0000] "GET /api/chapters HTTP/1.1" 304 - "-" "okhttp/3.12.1"
::ffff:192.168.43.119 - - [01/May/2021:07:26:56 +0000] "POST /api/chapters HTTP/1.1" 200 203 "-" "okhttp/3.12.1"
::ffff:192.168.43.119 - - [01/May/2021:07:26:57 +0000] "POST /api/chapters HTTP/1.1" 500 255 "-" "okhttp/3.12.1"
::ffff:192.168.43.119 - - [01/May/2021:07:26:59 +0000] "POST /api/chapters HTTP/1.1" 500 255 "-" "okhttp/3.12.1"
::ffff:192.168.43.119 - - [01/May/2021:07:26:59 +0000] "POST /api/chapters HTTP/1.1" 500 255 "-" "okhttp/3.12.1"
::ffff:192.168.43.119 - - [01/May/2021:07:26:59 +0000] "POST /api/chapters HTTP/1.1" 500 255 "-" "okhttp/3.12.1"
::ffff:192.168.43.119 - - [01/May/2021:07:26:59 +0000] "POST /api/chapters HTTP/1.1" 500 255 "-" "okhttp/3.12.1"
::ffff:192.168.43.119 - - [01/May/2021:07:27:01 +0000] "POST /api/chapters HTTP/1.1" 500 255 "-" "okhttp/3.12.1"
::ffff:192.168.43.119 - - [01/May/2021:07:27:01 +0000] "GET /api/chapters HTTP/1.1" 200 837 "-" "okhttp/3.12.1"
::ffff:192.168.43.119 - - [01/May/2021:07:27:01 +0000] "POST /api/chapters HTTP/1.1" 200 200 "-" "okhttp/3.12.1"
::ffff:192.168.43.119 - - [01/May/2021:07:27:03 +0000] "GET /api/chapters HTTP/1.1" 200 1014 "-" "okhttp/3.12.1"
::ffff:192.168.43.119 - - [01/May/2021:07:27:04 +0000] "GET /uploads/chapters/photo.jpg HTTP/1.1" 404 165 "-" "Dalvik/2.1.0 (Linux; U; Android 11; sdk_gphone_x86 Build/RSR1.200819.001.A1)"
::ffff:192.168.43.119 - - [01/May/2021:07:27:04 +0000] "GET /uploads/chapters/photo.jpg HTTP/1.1" 404 165 "-" "Dalvik/2.1.0 (Linux; U; Android 11; sdk_gphone_x86 Build/RSR1.200819.001.A1)"
::ffff:192.168.43.119 - - [01/May/2021:07:27:20 +0000] "GET /uploads/chapters/photo.jpg HTTP/1.1" 404 165 "-" "Dalvik/2.1.0 (Linux; U; Android 11; sdk_gphone_x86 Build/RSR1.200819.001.A1)"
::ffff:192.168.43.119 - - [01/May/2021:07:27:23 +0000] "DELETE /api/chapters/608d02a995bb4624f0a07f3f HTTP/1.1" 200 203 "-" "okhttp/3.12.1"
::ffff:192.168.43.119 - - [01/May/2021:07:27:27 +0000] "GET /api/chapters HTTP/1.1" 304 - "-" "okhttp/3.12.1"
::ffff:192.168.43.119 - - [01/May/2021:07:27:31 +0000] "GET /api/chapters HTTP/1.1" 304 - "-" "okhttp/3.12.1"
::ffff:192.168.43.119 - - [01/May/2021:07:27:50 +0000] "GET /uploads/chapters/photo.jpg HTTP/1.1" 404 165 "-" "Dalvik/2.1.0 (Linux; U; Android 11; sdk_gphone_x86 Build/RSR1.200819.001.A1)"
::ffff:192.168.43.119 - - [01/May/2021:07:27:50 +0000] "GET /uploads/chapters/photo.jpg HTTP/1.1" 404 165 "-" "Dalvik/2.1.0 (Linux; U; Android 11; sdk_gphone_x86 Build/RSR1.200819.001.A1)"
::ffff:192.168.43.119 - - [01/May/2021:07:28:03 +0000] "GET /uploads/chapters/photo.jpg HTTP/1.1" 404 165 "-" "Dalvik/2.1.0 (Linux; U; Android 11; sdk_gphone_x86 Build/RSR1.200819.001.A1)"
::ffff:192.168.43.119 - - [01/May/2021:07:28:12 +0000] "GET /uploads/chapters/photo.jpg HTTP/1.1" 404 165 "-" "Dalvik/2.1.0 (Linux; U; Android 11; sdk_gphone_x86 Build/RSR1.200819.001.A1)"
::ffff:192.168.43.119 - - [01/May/2021:07:28:12 +0000] "GET /uploads/chapters/photo.jpg HTTP/1.1" 404 165 "-" "Dalvik/2.1.0 (Linux; U; Android 11; sdk_gphone_x86 Build/RSR1.200819.001.A1)"
::ffff:192.168.43.119 - - [01/May/2021:07:28:24 +0000] "DELETE /api/chapters/608d02a995bb4624f0a07f3f HTTP/1.1" 400 115 "-" "okhttp/3.12.1"
::ffff:192.168.43.119 - - [01/May/2021:07:28:29 +0000] "DELETE /api/chapters/608d02c395bb4624f0a07f46 HTTP/1.1" 200 200 "-" "okhttp/3.12.1"
::ffff:192.168.43.119 - - [01/May/2021:07:28:40 +0000] "GET /uploads/chapters/photo.jpg HTTP/1.1" 404 165 "-" "Dalvik/2.1.0 (Linux; U; Android 11; sdk_gphone_x86 Build/RSR1.200819.001.A1)"
::ffff:192.168.43.119 - - [01/May/2021:07:28:40 +0000] "GET /uploads/chapters/photo.jpg HTTP/1.1" 404 165 "-" "Dalvik/2.1.0 (Linux; U; Android 11; sdk_gphone_x86 Build/RSR1.200819.001.A1)"
::ffff:192.168.43.119 - - [01/May/2021:07:28:40 +0000] "GET /api/quizs HTTP/1.1" 500 641 "-" "okhttp/3.12.1"
::ffff:192.168.43.119 - - [01/May/2021:07:28:43 +0000] "GET /api/chapters HTTP/1.1" - - "-" "okhttp/3.12.1"
::ffff:192.168.43.119 - - [01/May/2021:07:28:58 +0000] "GET /api/chapters HTTP/1.1" 200 834 "-" "okhttp/3.12.1"
::ffff:192.168.43.119 - - [01/May/2021:07:29:00 +0000] "GET /uploads/chapters/photo.jpg HTTP/1.1" 404 165 "-" "Dalvik/2.1.0 (Linux; U; Android 11; sdk_gphone_x86 Build/RSR1.200819.001.A1)"
::ffff:192.168.43.119 - - [01/May/2021:07:29:00 +0000] "GET /api/quizs HTTP/1.1" 304 - "-" "okhttp/3.12.1"
::ffff:192.168.43.119 - - [01/May/2021:07:29:24 +0000] "GET /uploads/chapters/photo.jpg HTTP/1.1" 404 165 "-" "Dalvik/2.1.0 (Linux; U; Android 11; sdk_gphone_x86 Build/RSR1.200819.001.A1)"
::ffff:192.168.43.119 - - [01/May/2021:07:29:32 +0000] "DELETE /api/chapters/608d02c395bb4624f0a07f46 HTTP/1.1" 400 115 "-" "okhttp/3.12.1"
::ffff:192.168.43.119 - - [01/May/2021:07:30:02 +0000] "GET /api/chapters HTTP/1.1" 200 657 "-" "okhttp/3.12.1"
::ffff:192.168.43.119 - - [01/May/2021:07:33:35 +0000] "GET /api/quizs HTTP/1.1" 304 - "-" "okhttp/3.12.1"
::ffff:192.168.43.119 - - [01/May/2021:07:33:45 +0000] "GET /api/chapters/6076f93c3159173440e2f3f6/lessons HTTP/1.1" 304 - "-" "okhttp/3.12.1"
::ffff:192.168.43.119 - - [01/May/2021:07:42:20 +0000] "POST /api/chapters HTTP/1.1" 200 193 "-" "okhttp/3.12.1"
::ffff:192.168.43.119 - - [01/May/2021:07:42:21 +0000] "GET /api/chapters HTTP/1.1" 200 827 "-" "okhttp/3.12.1"
::ffff:192.168.43.119 - - [01/May/2021:07:42:22 +0000] "GET /api/chapters HTTP/1.1" 304 - "-" "okhttp/3.12.1"
::ffff:192.168.43.119 - - [01/May/2021:07:42:22 +0000] "GET /uploads/chapters/photo.jpg HTTP/1.1" 404 165 "-" "Dalvik/2.1.0 (Linux; U; Android 11; sdk_gphone_x86 Build/RSR1.200819.001.A1)"
::ffff:192.168.43.119 - - [01/May/2021:07:42:32 +0000] "POST /api/chapters HTTP/1.1" 500 252 "-" "okhttp/3.12.1"
::ffff:192.168.43.119 - - [01/May/2021:07:42:35 +0000] "POST /api/chapters HTTP/1.1" 500 252 "-" "okhttp/3.12.1"
::ffff:192.168.43.119 - - [01/May/2021:07:42:37 +0000] "POST /api/chapters HTTP/1.1" 500 252 "-" "okhttp/3.12.1"
::ffff:192.168.43.119 - - [01/May/2021:07:42:46 +0000] "POST /api/chapters HTTP/1.1" 500 252 "-" "okhttp/3.12.1"
::ffff:192.168.43.119 - - [01/May/2021:07:43:01 +0000] "POST /api/chapters HTTP/1.1" 500 252 "-" "okhttp/3.12.1"
::ffff:192.168.43.119 - - [01/May/2021:07:43:05 +0000] "POST /api/chapters HTTP/1.1" 500 252 "-" "okhttp/3.12.1"
::ffff:192.168.43.119 - - [01/May/2021:07:43:13 +0000] "POST /api/chapters HTTP/1.1" 500 252 "-" "okhttp/3.12.1"
::ffff:192.168.43.119 - - [01/May/2021:07:46:27 +0000] "GET /api/chapters HTTP/1.1" 200 827 "-" "okhttp/3.12.1"
::ffff:192.168.43.119 - - [01/May/2021:07:46:31 +0000] "GET /uploads/chapters/photo.jpg HTTP/1.1" 404 165 "-" "okhttp/3.12.1"
::ffff:192.168.43.119 - - [01/May/2021:07:50:34 +0000] "POST /api/chapters HTTP/1.1" 500 252 "-" "okhttp/3.12.1"
::ffff:192.168.43.119 - - [01/May/2021:07:51:01 +0000] "POST /api/chapters HTTP/1.1" 500 252 "-" "okhttp/3.12.1"
::ffff:192.168.43.119 - - [01/May/2021:07:51:05 +0000] "POST /api/chapters HTTP/1.1" 500 252 "-" "okhttp/3.12.1"
::ffff:192.168.43.119 - - [01/May/2021:07:51:07 +0000] "POST /api/chapters HTTP/1.1" 500 252 "-" "okhttp/3.12.1"
::ffff:192.168.43.119 - - [01/May/2021:07:51:27 +0000] "POST /api/chapters HTTP/1.1" 500 252 "-" "okhttp/3.12.1"
::ffff:192.168.43.119 - - [01/May/2021:07:52:09 +0000] "POST /api/chapters HTTP/1.1" 500 252 "-" "okhttp/3.12.1"
::ffff:192.168.43.119 - - [01/May/2021:07:52:12 +0000] "POST /api/chapters HTTP/1.1" 500 252 "-" "okhttp/3.12.1"
::ffff:192.168.43.119 - - [01/May/2021:07:52:13 +0000] "POST /api/chapters HTTP/1.1" 500 252 "-" "okhttp/3.12.1"
::ffff:192.168.43.119 - - [01/May/2021:07:52:14 +0000] "POST /api/chapters HTTP/1.1" 500 252 "-" "okhttp/3.12.1"
::ffff:192.168.43.119 - - [01/May/2021:07:52:20 +0000] "POST /api/chapters HTTP/1.1" 500 252 "-" "okhttp/3.12.1"
::ffff:192.168.43.119 - - [01/May/2021:07:52:25 +0000] "GET /uploads/chapters/photo.jpg HTTP/1.1" 404 165 "-" "okhttp/3.12.1"
::ffff:192.168.43.119 - - [01/May/2021:07:52:31 +0000] "POST /api/chapters HTTP/1.1" 500 256 "-" "okhttp/3.12.1"
::ffff:192.168.43.119 - - [01/May/2021:07:53:57 +0000] "GET /uploads/chapters/photo.jpg HTTP/1.1" 404 165 "-" "okhttp/3.12.1"
::ffff:192.168.43.119 - - [01/May/2021:07:53:59 +0000] "POST /api/chapters HTTP/1.1" 500 256 "-" "okhttp/3.12.1"
::ffff:192.168.43.119 - - [01/May/2021:07:58:12 +0000] "GET /api/chapters HTTP/1.1" 200 827 "-" "okhttp/3.12.1"
::ffff:192.168.43.119 - - [01/May/2021:07:58:19 +0000] "GET /api/chapters HTTP/1.1" 304 - "-" "okhttp/3.12.1"
::ffff:192.168.43.119 - - [01/May/2021:07:59:10 +0000] "GET /api/chapters HTTP/1.1" 304 - "-" "okhttp/3.12.1"
::ffff:192.168.43.119 - - [01/May/2021:07:59:13 +0000] "GET /api/chapters HTTP/1.1" 304 - "-" "okhttp/3.12.1"
::ffff:192.168.43.119 - - [01/May/2021:07:59:32 +0000] "GET /api/chapters HTTP/1.1" 304 - "-" "okhttp/3.12.1"
::ffff:192.168.43.119 - - [01/May/2021:07:59:39 +0000] "GET /api/chapters HTTP/1.1" 304 - "-" "okhttp/3.12.1"
::ffff:192.168.43.119 - - [01/May/2021:08:00:04 +0000] "GET /api/chapters HTTP/1.1" 304 - "-" "okhttp/3.12.1"
::ffff:192.168.43.119 - - [01/May/2021:08:01:21 +0000] "GET /api/chapters HTTP/1.1" 304 - "-" "okhttp/3.12.1"
::ffff:192.168.43.119 - - [01/May/2021:08:01:28 +0000] "GET /api/chapters HTTP/1.1" 304 - "-" "okhttp/3.12.1"
::ffff:192.168.43.119 - - [01/May/2021:08:02:39 +0000] "POST /api/chapters HTTP/1.1" 200 195 "-" "okhttp/3.12.1"
::ffff:192.168.43.119 - - [01/May/2021:08:02:40 +0000] "GET /api/chapters HTTP/1.1" 200 999 "-" "okhttp/3.12.1"
::ffff:192.168.43.119 - - [01/May/2021:08:02:41 +0000] "GET /api/chapters HTTP/1.1" 304 - "-" "okhttp/3.12.1"
::ffff:192.168.43.119 - - [01/May/2021:08:03:19 +0000] "POST /api/chapters HTTP/1.1" 500 252 "-" "okhttp/3.12.1"
::ffff:192.168.43.119 - - [01/May/2021:08:05:30 +0000] "POST /api/chapters HTTP/1.1" 500 252 "-" "okhttp/3.12.1"
::ffff:192.168.43.119 - - [01/May/2021:08:07:06 +0000] "POST /api/chapters HTTP/1.1" 500 255 "-" "okhttp/3.12.1"
::ffff:192.168.43.119 - - [01/May/2021:08:07:26 +0000] "POST /api/chapters HTTP/1.1" 500 255 "-" "okhttp/3.12.1"
::ffff:192.168.43.119 - - [01/May/2021:08:08:01 +0000] "GET /uploads/chapters/photo.jpg HTTP/1.1" 404 165 "-" "Dalvik/2.1.0 (Linux; U; Android 11; sdk_gphone_x86 Build/RSR1.200819.001.A1)"
::ffff:192.168.43.119 - - [01/May/2021:08:08:01 +0000] "GET /uploads/chapters/photo.jpg HTTP/1.1" 404 165 "-" "Dalvik/2.1.0 (Linux; U; Android 11; sdk_gphone_x86 Build/RSR1.200819.001.A1)"
::ffff:192.168.43.119 - - [01/May/2021:08:08:04 +0000] "GET /uploads/chapters/photo.jpg HTTP/1.1" 404 165 "-" "Dalvik/2.1.0 (Linux; U; Android 11; sdk_gphone_x86 Build/RSR1.200819.001.A1)"
::ffff:192.168.43.119 - - [01/May/2021:08:08:08 +0000] "DELETE /api/chapters/608d0b1f95bb4624f0a07f5b HTTP/1.1" 200 195 "-" "okhttp/3.12.1"
::ffff:192.168.43.119 - - [01/May/2021:08:08:09 +0000] "GET /api/chapters HTTP/1.1" 200 827 "-" "okhttp/3.12.1"
::ffff:192.168.43.119 - - [01/May/2021:08:08:09 +0000] "GET /api/chapters HTTP/1.1" 304 - "-" "okhttp/3.12.1"
::ffff:192.168.43.119 - - [01/May/2021:08:08:17 +0000] "DELETE /api/chapters/608d065c95bb4624f0a07f47 HTTP/1.1" 200 193 "-" "okhttp/3.12.1"
::ffff:192.168.43.119 - - [01/May/2021:08:08:18 +0000] "GET /api/chapters HTTP/1.1" 200 657 "-" "okhttp/3.12.1"
::ffff:192.168.43.119 - - [01/May/2021:08:08:18 +0000] "GET /api/chapters HTTP/1.1" 304 - "-" "okhttp/3.12.1"
::ffff:192.168.43.119 - - [01/May/2021:08:33:07 +0000] "GET /api/chapters HTTP/1.1" 304 - "-" "okhttp/3.12.1"
::ffff:192.168.43.119 - - [01/May/2021:08:33:41 +0000] "GET /api/chapters HTTP/1.1" 304 - "-" "okhttp/3.12.1"
::ffff:192.168.43.119 - - [01/May/2021:08:33:46 +0000] "GET /api/quizs HTTP/1.1" 304 - "-" "okhttp/3.12.1"
::ffff:192.168.43.119 - - [01/May/2021:08:58:54 +0000] "GET /api/chapters HTTP/1.1" 500 641 "-" "okhttp/3.12.1"
::ffff:192.168.43.119 - - [01/May/2021:08:59:16 +0000] "GET /api/quizs HTTP/1.1" 500 641 "-" "okhttp/3.12.1"
::ffff:192.168.43.1 - - [01/May/2021:09:00:09 +0000] "GET /api/chapters HTTP/1.1" - - "-" "okhttp/3.14.9"
::ffff:192.168.43.1 - - [01/May/2021:09:00:09 +0000] "GET /api/quizs HTTP/1.1" - - "-" "okhttp/3.14.9"
::ffff:192.168.43.1 - - [01/May/2021:09:00:14 +0000] "GET /api/chapters HTTP/1.1" 200 657 "-" "okhttp/3.14.9"
::ffff:192.168.43.1 - - [01/May/2021:09:00:15 +0000] "GET /uploads/chapters/photo_6076f93c3159173440e2f3f6.jpg HTTP/1.1" 200 165439 "-" "okhttp/3.14.9"
::ffff:192.168.43.1 - - [01/May/2021:09:00:15 +0000] "GET /uploads/chapters/photo_6076f6f70b3f53502c7bb2c6.png HTTP/1.1" 200 459034 "-" "okhttp/3.14.9"
::ffff:192.168.43.1 - - [01/May/2021:09:00:20 +0000] "GET /api/chapters/6076f93c3159173440e2f3f6/lessons HTTP/1.1" 200 609 "-" "okhttp/3.14.9"
::ffff:192.168.43.1 - - [01/May/2021:09:00:57 +0000] "GET /api/chapters HTTP/1.1" 304 - "-" "okhttp/3.14.9"
::ffff:192.168.43.1 - - [01/May/2021:09:05:50 +0000] "GET /api/chapters HTTP/1.1" 304 - "-" "okhttp/3.14.9"
::ffff:192.168.43.1 - - [01/May/2021:09:06:30 +0000] "GET /api/chapters HTTP/1.1" 304 - "-" "okhttp/3.14.9"
::ffff:192.168.43.1 - - [01/May/2021:09:06:49 +0000] "GET /api/chapters HTTP/1.1" 304 - "-" "okhttp/3.14.9"
::ffff:192.168.43.1 - - [01/May/2021:09:07:15 +0000] "GET /api/chapters HTTP/1.1" 304 - "-" "okhttp/3.14.9"
::ffff:192.168.43.1 - - [01/May/2021:09:07:44 +0000] "GET /api/chapters HTTP/1.1" 304 - "-" "okhttp/3.14.9"
::ffff:192.168.43.1 - - [01/May/2021:09:07:44 +0000] "GET /api/chapters HTTP/1.1" 304 - "-" "okhttp/3.14.9"
::ffff:192.168.43.1 - - [01/May/2021:09:12:07 +0000] "GET /api/chapters/6076f6f70b3f53502c7bb2c6/lessons HTTP/1.1" 200 36 "-" "okhttp/3.14.9"
::ffff:192.168.43.1 - - [01/May/2021:09:12:18 +0000] "POST /api/users/login HTTP/1.1" 200 437 "-" "okhttp/3.14.9"
::ffff:192.168.43.1 - - [01/May/2021:09:12:27 +0000] "POST /api/chapters HTTP/1.1" 200 194 "-" "okhttp/3.14.9"
::ffff:192.168.43.1 - - [01/May/2021:09:12:27 +0000] "GET /api/chapters HTTP/1.1" 200 828 "-" "okhttp/3.14.9"
::ffff:192.168.43.1 - - [01/May/2021:09:12:27 +0000] "GET /uploads/chapters/photo.jpg HTTP/1.1" 404 165 "-" "Dalvik/2.1.0 (Linux; U; Android 9; Redmi Note 7 Pro MIUI/V11.0.10.0.PFHINXM)"
::ffff:192.168.43.1 - - [01/May/2021:09:12:27 +0000] "GET /api/chapters HTTP/1.1" 304 - "-" "okhttp/3.14.9"
::ffff:192.168.43.1 - - [01/May/2021:09:12:33 +0000] "DELETE /api/chapters/608d1b7aa4e06935f010c996 HTTP/1.1" 200 194 "-" "okhttp/3.14.9"
::ffff:192.168.43.1 - - [01/May/2021:09:12:33 +0000] "GET /api/chapters HTTP/1.1" 304 - "-" "okhttp/3.14.9"
::ffff:192.168.43.1 - - [01/May/2021:09:12:34 +0000] "GET /api/chapters HTTP/1.1" 200 657 "-" "okhttp/3.14.9"
::ffff:192.168.43.1 - - [01/May/2021:09:17:44 +0000] "GET /api/chapters/6076f93c3159173440e2f3f6/lessons HTTP/1.1" 304 - "-" "okhttp/3.14.9"
::ffff:192.168.43.1 - - [01/May/2021:09:17:53 +0000] "GET /api/quizs HTTP/1.1" 200 882 "-" "okhttp/3.14.9"
::ffff:192.168.43.1 - - [01/May/2021:09:18:00 +0000] "GET /api/chapters/6076f93c3159173440e2f3f6/lessons HTTP/1.1" 304 - "-" "okhttp/3.14.9"
::ffff:192.168.43.1 - - [01/May/2021:09:18:06 +0000] "DELETE /api/lessons/60857a4c32e28e3818d6f0f5 HTTP/1.1" 200 345 "-" "okhttp/3.14.9"
::ffff:192.168.43.1 - - [01/May/2021:09:18:07 +0000] "GET /api/chapters/6076f93c3159173440e2f3f6/lessons HTTP/1.1" 200 328 "-" "okhttp/3.14.9"
::ffff:192.168.43.1 - - [01/May/2021:09:18:07 +0000] "GET /api/chapters/6076f93c3159173440e2f3f6/lessons HTTP/1.1" 304 - "-" "okhttp/3.14.9"
::ffff:192.168.43.1 - - [01/May/2021:09:18:33 +0000] "POST /api/chapters HTTP/1.1" 200 195 "-" "okhttp/3.14.9"
::ffff:192.168.43.1 - - [01/May/2021:09:18:33 +0000] "GET /api/chapters HTTP/1.1" 200 829 "-" "okhttp/3.14.9"
::ffff:192.168.43.1 - - [01/May/2021:09:18:34 +0000] "GET /uploads/chapters/photo.jpg HTTP/1.1" 404 165 "-" "Dalvik/2.1.0 (Linux; U; Android 9; Redmi Note 7 Pro MIUI/V11.0.10.0.PFHINXM)"
::ffff:192.168.43.1 - - [01/May/2021:09:18:34 +0000] "GET /api/chapters HTTP/1.1" 304 - "-" "okhttp/3.14.9"
::1 - - [01/May/2021:09:19:41 +0000] "GET /api/chapters HTTP/1.1" 200 829 "-" "PostmanRuntime/7.28.0"
::1 - - [01/May/2021:09:19:46 +0000] "GET /api/chapters/6076f6f70b3f53502c7bb2c6 HTTP/1.1" 200 325 "-" "PostmanRuntime/7.28.0"
::1 - - [01/May/2021:09:19:56 +0000] "GET /api/chapters/6076f93c3159173440e2f3f6/lessons HTTP/1.1" 200 328 "-" "PostmanRuntime/7.28.0"
::1 - - [01/May/2021:09:19:59 +0000] "GET /api/lessons HTTP/1.1" 200 398 "-" "PostmanRuntime/7.28.0"
::1 - - [01/May/2021:09:20:11 +0000] "GET /api/chapters HTTP/1.1" 200 829 "-" "PostmanRuntime/7.28.0"
::1 - - [01/May/2021:09:20:32 +0000] "GET /api/chapters/6076f6f70b3f53502c7bb2c6 HTTP/1.1" 200 325 "-" "PostmanRuntime/7.28.0"
::1 - - [01/May/2021:09:20:41 +0000] "GET /api/chapters/6076f93c3159173440e2f3f6 HTTP/1.1" 200 661 "-" "PostmanRuntime/7.28.0"
::1 - - [01/May/2021:09:22:02 +0000] "GET /api/chapters HTTP/1.1" 200 1160 "-" "PostmanRuntime/7.28.0"
::1 - - [01/May/2021:09:22:13 +0000] "POST /api/lessons HTTP/1.1" 200 310 "-" "PostmanRuntime/7.28.0"
::1 - - [01/May/2021:09:22:15 +0000] "POST /api/lessons HTTP/1.1" 200 296 "-" "PostmanRuntime/7.28.0"
::1 - - [01/May/2021:09:22:18 +0000] "POST /api/lessons HTTP/1.1" 200 298 "-" "PostmanRuntime/7.28.0"
::1 - - [01/May/2021:09:22:20 +0000] "POST /api/lessons HTTP/1.1" 200 297 "-" "PostmanRuntime/7.28.0"
::1 - - [01/May/2021:09:22:22 +0000] "GET /api/chapters HTTP/1.1" 200 2269 "-" "PostmanRuntime/7.28.0"
::ffff:192.168.43.1 - - [01/May/2021:09:23:47 +0000] "GET /api/chapters HTTP/1.1" 200 2269 "-" "okhttp/3.14.9"
::ffff:192.168.43.1 - - [01/May/2021:09:23:47 +0000] "GET /uploads/chapters/photo.jpg HTTP/1.1" 404 165 "-" "Dalvik/2.1.0 (Linux; U; Android 9; Redmi Note 7 Pro MIUI/V11.0.10.0.PFHINXM)"
::ffff:192.168.43.1 - - [01/May/2021:09:24:34 +0000] "GET /api/chapters/6076f6f70b3f53502c7bb2c6/lessons HTTP/1.1" 304 - "-" "okhttp/3.14.9"
::ffff:192.168.43.1 - - [01/May/2021:09:24:39 +0000] "POST /api/lessons HTTP/1.1" 200 317 "-" "okhttp/3.14.9"
::ffff:192.168.43.1 - - [01/May/2021:09:24:40 +0000] "GET /api/chapters/6076f6f70b3f53502c7bb2c6/lessons HTTP/1.1" 200 329 "-" "okhttp/3.14.9"
::ffff:192.168.43.1 - - [01/May/2021:09:24:40 +0000] "GET /api/chapters/6076f6f70b3f53502c7bb2c6/lessons HTTP/1.1" 304 - "-" "okhttp/3.14.9"
::ffff:192.168.43.1 - - [01/May/2021:09:24:43 +0000] "GET /uploads/chapters/photo.jpg HTTP/1.1" 404 165 "-" "Dalvik/2.1.0 (Linux; U; Android 9; Redmi Note 7 Pro MIUI/V11.0.10.0.PFHINXM)"
::ffff:192.168.43.1 - - [01/May/2021:09:24:46 +0000] "POST /api/lessons HTTP/1.1" 200 315 "-" "okhttp/3.14.9"
::ffff:192.168.43.1 - - [01/May/2021:09:24:47 +0000] "GET /api/chapters/6076f6f70b3f53502c7bb2c6/lessons HTTP/1.1" 200 621 "-" "okhttp/3.14.9"
::ffff:192.168.43.1 - - [01/May/2021:09:24:47 +0000] "GET /api/chapters/6076f6f70b3f53502c7bb2c6/lessons HTTP/1.1" 304 - "-" "okhttp/3.14.9"
::ffff:192.168.43.1 - - [01/May/2021:09:24:54 +0000] "GET /api/chapters/6076f6f70b3f53502c7bb2c6/lessons HTTP/1.1" 304 - "-" "okhttp/3.14.9"
::ffff:192.168.43.1 - - [01/May/2021:09:26:13 +0000] "GET /api/chapters HTTP/1.1" 200 2854 "-" "okhttp/3.14.9"
::ffff:192.168.43.1 - - [01/May/2021:09:26:13 +0000] "GET /uploads/chapters/photo.jpg HTTP/1.1" 404 165 "-" "Dalvik/2.1.0 (Linux; U; Android 9; Redmi Note 7 Pro MIUI/V11.0.10.0.PFHINXM)"
::ffff:192.168.43.1 - - [01/May/2021:09:26:18 +0000] "GET /api/chapters/6076f6f70b3f53502c7bb2c6/lessons HTTP/1.1" 304 - "-" "okhttp/3.14.9"
::ffff:192.168.43.1 - - [01/May/2021:09:26:20 +0000] "POST /api/lessons HTTP/1.1" 500 410 "-" "okhttp/3.14.9"
::ffff:192.168.43.1 - - [01/May/2021:09:26:22 +0000] "GET /uploads/chapters/photo.jpg HTTP/1.1" 404 165 "-" "Dalvik/2.1.0 (Linux; U; Android 9; Redmi Note 7 Pro MIUI/V11.0.10.0.PFHINXM)"
::ffff:192.168.43.1 - - [01/May/2021:09:26:27 +0000] "POST /api/lessons HTTP/1.1" 200 310 "-" "okhttp/3.14.9"
::ffff:192.168.43.1 - - [01/May/2021:09:26:27 +0000] "GET /api/chapters/6076f6f70b3f53502c7bb2c6/lessons HTTP/1.1" 200 908 "-" "okhttp/3.14.9"
::ffff:192.168.43.1 - - [01/May/2021:09:26:28 +0000] "GET /api/chapters/6076f6f70b3f53502c7bb2c6/lessons HTTP/1.1" 304 - "-" "okhttp/3.14.9"
::ffff:192.168.43.1 - - [01/May/2021:09:27:07 +0000] "GET /api/chapters/6076f6f70b3f53502c7bb2c6/lessons HTTP/1.1" 304 - "-" "okhttp/3.14.9"
::ffff:192.168.43.1 - - [01/May/2021:09:27:48 +0000] "GET /api/chapters HTTP/1.1" 200 3141 "-" "okhttp/3.14.9"
::ffff:192.168.43.1 - - [01/May/2021:09:27:49 +0000] "GET /uploads/chapters/photo.jpg HTTP/1.1" 404 165 "-" "Dalvik/2.1.0 (Linux; U; Android 9; Redmi Note 7 Pro MIUI/V11.0.10.0.PFHINXM)"
::ffff:192.168.43.1 - - [01/May/2021:09:28:07 +0000] "GET /api/chapters HTTP/1.1" 304 - "-" "okhttp/3.14.9"
::ffff:192.168.43.1 - - [01/May/2021:09:28:07 +0000] "GET /api/chapters HTTP/1.1" 304 - "-" "okhttp/3.14.9"
::ffff:192.168.43.1 - - [01/May/2021:09:28:08 +0000] "GET /uploads/chapters/photo.jpg HTTP/1.1" 404 165 "-" "Dalvik/2.1.0 (Linux; U; Android 9; Redmi Note 7 Pro MIUI/V11.0.10.0.PFHINXM)"
::ffff:192.168.43.1 - - [01/May/2021:09:28:08 +0000] "GET /api/chapters HTTP/1.1" 304 - "-" "okhttp/3.14.9"
::ffff:192.168.43.1 - - [01/May/2021:09:28:12 +0000] "GET /api/chapters/6076f6f70b3f53502c7bb2c6/lessons HTTP/1.1" 304 - "-" "okhttp/3.14.9"
::ffff:192.168.43.1 - - [01/May/2021:09:28:15 +0000] "GET /uploads/chapters/photo.jpg HTTP/1.1" 404 165 "-" "Dalvik/2.1.0 (Linux; U; Android 9; Redmi Note 7 Pro MIUI/V11.0.10.0.PFHINXM)"
::ffff:192.168.43.1 - - [01/May/2021:09:28:17 +0000] "GET /uploads/chapters/photo.jpg HTTP/1.1" 404 165 "-" "Dalvik/2.1.0 (Linux; U; Android 9; Redmi Note 7 Pro MIUI/V11.0.10.0.PFHINXM)"
::ffff:192.168.43.1 - - [01/May/2021:09:28:18 +0000] "POST /api/lessons HTTP/1.1" 200 316 "-" "okhttp/3.14.9"
::ffff:192.168.43.1 - - [01/May/2021:09:28:19 +0000] "GET /api/chapters/6076f6f70b3f53502c7bb2c6/lessons HTTP/1.1" 200 1201 "-" "okhttp/3.14.9"
::ffff:192.168.43.1 - - [01/May/2021:09:28:19 +0000] "GET /api/chapters/6076f6f70b3f53502c7bb2c6/lessons HTTP/1.1" 304 - "-" "okhttp/3.14.9"
::ffff:192.168.43.1 - - [01/May/2021:09:28:29 +0000] "GET /api/chapters/6076f6f70b3f53502c7bb2c6/lessons HTTP/1.1" 304 - "-" "okhttp/3.14.9"
::ffff:192.168.43.1 - - [01/May/2021:09:29:01 +0000] "GET /api/chapters HTTP/1.1" 200 3434 "-" "okhttp/3.14.9"
::ffff:192.168.43.1 - - [01/May/2021:09:29:02 +0000] "GET /uploads/chapters/photo.jpg HTTP/1.1" 404 165 "-" "Dalvik/2.1.0 (Linux; U; Android 9; Redmi Note 7 Pro MIUI/V11.0.10.0.PFHINXM)"
::ffff:192.168.43.1 - - [01/May/2021:09:29:04 +0000] "GET /api/chapters/6076f6f70b3f53502c7bb2c6/lessons HTTP/1.1" 304 - "-" "okhttp/3.14.9"
::ffff:192.168.43.1 - - [01/May/2021:09:29:35 +0000] "GET /api/chapters/6076f6f70b3f53502c7bb2c6/lessons HTTP/1.1" 304 - "-" "okhttp/3.14.9"
::ffff:192.168.43.1 - - [01/May/2021:09:29:41 +0000] "POST /api/lessons HTTP/1.1" 200 311 "-" "okhttp/3.14.9"
::ffff:192.168.43.1 - - [01/May/2021:09:29:41 +0000] "GET /api/chapters/6076f6f70b3f53502c7bb2c6/lessons HTTP/1.1" 200 1489 "-" "okhttp/3.14.9"
::ffff:192.168.43.1 - - [01/May/2021:09:29:42 +0000] "GET /api/chapters/6076f6f70b3f53502c7bb2c6/lessons HTTP/1.1" 304 - "-" "okhttp/3.14.9"
::ffff:192.168.43.1 - - [01/May/2021:09:29:51 +0000] "GET /api/chapters/6076f6f70b3f53502c7bb2c6/lessons HTTP/1.1" 304 - "-" "okhttp/3.14.9"
::ffff:192.168.43.1 - - [01/May/2021:09:29:54 +0000] "GET /api/chapters/6076f6f70b3f53502c7bb2c6/lessons HTTP/1.1" 304 - "-" "okhttp/3.14.9"
::ffff:192.168.43.1 - - [01/May/2021:09:30:25 +0000] "GET /api/quizs HTTP/1.1" 304 - "-" "okhttp/3.14.9"
::ffff:192.168.43.1 - - [01/May/2021:09:30:37 +0000] "GET /uploads/chapters/photo.jpg HTTP/1.1" 404 165 "-" "Dalvik/2.1.0 (Linux; U; Android 9; Redmi Note 7 Pro MIUI/V11.0.10.0.PFHINXM)"
::ffff:192.168.43.1 - - [01/May/2021:09:37:37 +0000] "GET /uploads/chapters/photo.jpg HTTP/1.1" 404 165 "-" "Dalvik/2.1.0 (Linux; U; Android 9; Redmi Note 7 Pro MIUI/V11.0.10.0.PFHINXM)"
::ffff:192.168.43.1 - - [01/May/2021:09:37:37 +0000] "GET /api/chapters HTTP/1.1" 200 3722 "-" "okhttp/3.14.9"
::ffff:192.168.43.1 - - [01/May/2021:09:37:37 +0000] "GET /uploads/chapters/photo.jpg HTTP/1.1" 404 165 "-" "Dalvik/2.1.0 (Linux; U; Android 9; Redmi Note 7 Pro MIUI/V11.0.10.0.PFHINXM)"
::ffff:192.168.43.1 - - [01/May/2021:09:37:40 +0000] "GET /api/chapters/6076f6f70b3f53502c7bb2c6/lessons HTTP/1.1" 304 - "-" "okhttp/3.14.9"
::ffff:192.168.43.1 - - [01/May/2021:09:38:24 +0000] "GET /api/chapters/6076f6f70b3f53502c7bb2c6/lessons HTTP/1.1" 304 - "-" "okhttp/3.14.9"
::ffff:192.168.43.1 - - [01/May/2021:09:38:29 +0000] "GET /uploads/chapters/photo.jpg HTTP/1.1" 404 165 "-" "Dalvik/2.1.0 (Linux; U; Android 9; Redmi Note 7 Pro MIUI/V11.0.10.0.PFHINXM)"
::ffff:192.168.43.1 - - [01/May/2021:09:38:31 +0000] "POST /api/lessons HTTP/1.1" 200 312 "-" "okhttp/3.14.9"
::ffff:192.168.43.1 - - [01/May/2021:09:38:35 +0000] "GET /api/chapters HTTP/1.1" 200 4011 "-" "okhttp/3.14.9"
::ffff:192.168.43.1 - - [01/May/2021:09:38:35 +0000] "GET /uploads/chapters/photo.jpg HTTP/1.1" 404 165 "-" "Dalvik/2.1.0 (Linux; U; Android 9; Redmi Note 7 Pro MIUI/V11.0.10.0.PFHINXM)"
::ffff:192.168.43.1 - - [01/May/2021:09:40:16 +0000] "GET /api/chapters HTTP/1.1" 304 - "-" "okhttp/3.14.9"
::ffff:192.168.43.1 - - [01/May/2021:09:40:53 +0000] "GET /api/chapters HTTP/1.1" 304 - "-" "okhttp/3.14.9"
::ffff:192.168.43.1 - - [01/May/2021:09:40:53 +0000] "GET /uploads/chapters/photo.jpg HTTP/1.1" 404 165 "-" "Dalvik/2.1.0 (Linux; U; Android 9; Redmi Note 7 Pro MIUI/V11.0.10.0.PFHINXM)"
::ffff:192.168.43.1 - - [01/May/2021:09:40:55 +0000] "GET /api/chapters/6076f93c3159173440e2f3f6/lessons HTTP/1.1" 200 1437 "-" "okhttp/3.14.9"
::ffff:192.168.43.1 - - [01/May/2021:09:40:57 +0000] "GET /uploads/chapters/photo.jpg HTTP/1.1" 404 165 "-" "Dalvik/2.1.0 (Linux; U; Android 9; Redmi Note 7 Pro MIUI/V11.0.10.0.PFHINXM)"
::ffff:192.168.43.1 - - [01/May/2021:09:41:00 +0000] "GET /uploads/chapters/photo.jpg HTTP/1.1" 404 165 "-" "Dalvik/2.1.0 (Linux; U; Android 9; Redmi Note 7 Pro MIUI/V11.0.10.0.PFHINXM)"
::ffff:192.168.43.1 - - [01/May/2021:09:41:01 +0000] "POST /api/lessons HTTP/1.1" 200 307 "-" "okhttp/3.14.9"
::ffff:192.168.43.1 - - [01/May/2021:09:42:02 +0000] "GET /api/chapters HTTP/1.1" 200 4295 "-" "okhttp/3.14.9"
::ffff:192.168.43.1 - - [01/May/2021:09:42:02 +0000] "GET /uploads/chapters/photo.jpg HTTP/1.1" 404 165 "-" "Dalvik/2.1.0 (Linux; U; Android 9; Redmi Note 7 Pro MIUI/V11.0.10.0.PFHINXM)"
::ffff:192.168.43.1 - - [01/May/2021:09:42:40 +0000] "GET /api/chapters HTTP/1.1" 304 - "-" "okhttp/3.14.9"
::ffff:192.168.43.1 - - [01/May/2021:09:42:40 +0000] "GET /uploads/chapters/photo.jpg HTTP/1.1" 404 165 "-" "Dalvik/2.1.0 (Linux; U; Android 9; Redmi Note 7 Pro MIUI/V11.0.10.0.PFHINXM)"
::ffff:192.168.43.1 - - [01/May/2021:09:42:45 +0000] "GET /api/chapters HTTP/1.1" 304 - "-" "okhttp/3.14.9"
::ffff:192.168.43.1 - - [01/May/2021:09:42:58 +0000] "GET /api/chapters/6076f6f70b3f53502c7bb2c6/lessons HTTP/1.1" 200 1778 "-" "okhttp/3.14.9"
